build (22)	Set up job	ï»¿2025-09-14T18:08:05.7879416Z Current runner version: '2.328.0'
build (22)	Set up job	2025-09-14T18:08:05.7906691Z ##[group]Runner Image Provisioner
build (22)	Set up job	2025-09-14T18:08:05.7907626Z Hosted Compute Agent
build (22)	Set up job	2025-09-14T18:08:05.7908406Z Version: 20250829.383
build (22)	Set up job	2025-09-14T18:08:05.7909193Z Commit: 27cb235aab5b0e52e153a26cd86b4742e89dac5d
build (22)	Set up job	2025-09-14T18:08:05.7909971Z Build Date: 2025-08-29T13:48:48Z
build (22)	Set up job	2025-09-14T18:08:05.7910737Z ##[endgroup]
build (22)	Set up job	2025-09-14T18:08:05.7911406Z ##[group]Operating System
build (22)	Set up job	2025-09-14T18:08:05.7912037Z Ubuntu
build (22)	Set up job	2025-09-14T18:08:05.7912665Z 24.04.3
build (22)	Set up job	2025-09-14T18:08:05.7913212Z LTS
build (22)	Set up job	2025-09-14T18:08:05.7913825Z ##[endgroup]
build (22)	Set up job	2025-09-14T18:08:05.7914436Z ##[group]Runner Image
build (22)	Set up job	2025-09-14T18:08:05.7915092Z Image: ubuntu-24.04
build (22)	Set up job	2025-09-14T18:08:05.7915752Z Version: 20250907.24.1
build (22)	Set up job	2025-09-14T18:08:05.7916901Z Included Software: https://github.com/actions/runner-images/blob/ubuntu24/20250907.24/images/ubuntu/Ubuntu2404-Readme.md
build (22)	Set up job	2025-09-14T18:08:05.7918520Z Image Release: https://github.com/actions/runner-images/releases/tag/ubuntu24%2F20250907.24
build (22)	Set up job	2025-09-14T18:08:05.7919884Z ##[endgroup]
build (22)	Set up job	2025-09-14T18:08:05.7922477Z ##[group]GITHUB_TOKEN Permissions
build (22)	Set up job	2025-09-14T18:08:05.7924664Z Actions: write
build (22)	Set up job	2025-09-14T18:08:05.7925434Z Attestations: write
build (22)	Set up job	2025-09-14T18:08:05.7926057Z Checks: write
build (22)	Set up job	2025-09-14T18:08:05.7926636Z Contents: write
build (22)	Set up job	2025-09-14T18:08:05.7927316Z Deployments: write
build (22)	Set up job	2025-09-14T18:08:05.7928124Z Discussions: write
build (22)	Set up job	2025-09-14T18:08:05.7928787Z Issues: write
build (22)	Set up job	2025-09-14T18:08:05.7929384Z Metadata: read
build (22)	Set up job	2025-09-14T18:08:05.7929966Z Models: read
build (22)	Set up job	2025-09-14T18:08:05.7930595Z Packages: write
build (22)	Set up job	2025-09-14T18:08:05.7931195Z Pages: write
build (22)	Set up job	2025-09-14T18:08:05.7931895Z PullRequests: write
build (22)	Set up job	2025-09-14T18:08:05.7932543Z RepositoryProjects: write
build (22)	Set up job	2025-09-14T18:08:05.7933198Z SecurityEvents: write
build (22)	Set up job	2025-09-14T18:08:05.7933961Z Statuses: write
build (22)	Set up job	2025-09-14T18:08:05.7934582Z ##[endgroup]
build (22)	Set up job	2025-09-14T18:08:05.7936720Z Secret source: Actions
build (22)	Set up job	2025-09-14T18:08:05.7937636Z Prepare workflow directory
build (22)	Set up job	2025-09-14T18:08:05.8551166Z Prepare all required actions
build (22)	Set up job	2025-09-14T18:08:05.8592225Z Getting action download info
build (22)	Set up job	2025-09-14T18:08:06.2886300Z Download action repository 'actions/checkout@v4' (SHA:08eba0b27e820071cde6df949e0beb9ba4906955)
build (22)	Set up job	2025-09-14T18:08:06.5077506Z Download action repository 'actions/setup-node@v4' (SHA:49933ea5288caeca8642d1e84afbd3f7d6820020)
build (22)	Set up job	2025-09-14T18:08:06.7171114Z Complete job name: build (22)
build (22)	Run actions/checkout@v4	ï»¿2025-09-14T18:08:06.7852495Z ##[group]Run actions/checkout@v4
build (22)	Run actions/checkout@v4	2025-09-14T18:08:06.7853506Z with:
build (22)	Run actions/checkout@v4	2025-09-14T18:08:06.7854001Z   repository: a5c-ai/events
build (22)	Run actions/checkout@v4	2025-09-14T18:08:06.7854746Z   token: ***
build (22)	Run actions/checkout@v4	2025-09-14T18:08:06.7855296Z   ssh-strict: true
build (22)	Run actions/checkout@v4	2025-09-14T18:08:06.7855786Z   ssh-user: git
build (22)	Run actions/checkout@v4	2025-09-14T18:08:06.7856389Z   persist-credentials: true
build (22)	Run actions/checkout@v4	2025-09-14T18:08:06.7856947Z   clean: true
build (22)	Run actions/checkout@v4	2025-09-14T18:08:06.7857453Z   sparse-checkout-cone-mode: true
build (22)	Run actions/checkout@v4	2025-09-14T18:08:06.7858410Z   fetch-depth: 1
build (22)	Run actions/checkout@v4	2025-09-14T18:08:06.7858927Z   fetch-tags: false
build (22)	Run actions/checkout@v4	2025-09-14T18:08:06.7859423Z   show-progress: true
build (22)	Run actions/checkout@v4	2025-09-14T18:08:06.7859936Z   lfs: false
build (22)	Run actions/checkout@v4	2025-09-14T18:08:06.7860397Z   submodules: false
build (22)	Run actions/checkout@v4	2025-09-14T18:08:06.7860934Z   set-safe-directory: true
build (22)	Run actions/checkout@v4	2025-09-14T18:08:06.7861789Z env:
build (22)	Run actions/checkout@v4	2025-09-14T18:08:06.7862590Z   DATABASE_URL: ***localhost:5432/postgres
build (22)	Run actions/checkout@v4	2025-09-14T18:08:06.7863255Z   NEXTAUTH_URL: http://localhost:4002
build (22)	Run actions/checkout@v4	2025-09-14T18:08:06.7863880Z   NEXTAUTH_SECRET: secret
build (22)	Run actions/checkout@v4	2025-09-14T18:08:06.7864445Z   NEXTAUTH_SESSION_STRATEGY: database
build (22)	Run actions/checkout@v4	2025-09-14T18:08:06.7865193Z   AUTH_PROVIDERS: github,credentials,saml,idp-initiated
build (22)	Run actions/checkout@v4	2025-09-14T18:08:06.7865891Z   FEATURE_TEAM_SSO: true
build (22)	Run actions/checkout@v4	2025-09-14T18:08:06.7866433Z   FEATURE_TEAM_DSYNC: true
build (22)	Run actions/checkout@v4	2025-09-14T18:08:06.7866978Z   FEATURE_TEAM_AUDIT_LOG: true
build (22)	Run actions/checkout@v4	2025-09-14T18:08:06.7867544Z   FEATURE_TEAM_WEBHOOK: false
build (22)	Run actions/checkout@v4	2025-09-14T18:08:06.7868286Z   FEATURE_TEAM_API_KEY: true
build (22)	Run actions/checkout@v4	2025-09-14T18:08:06.7869480Z   ANTHROPIC_API_KEY: ***
build (22)	Run actions/checkout@v4	2025-09-14T18:08:06.7870083Z   AZURE_OPENAI_PROJECT_NAME: a5c-sw-resource
build (22)	Run actions/checkout@v4	2025-09-14T18:08:06.7871199Z   AZURE_OPENAI_API_KEY: ***
build (22)	Run actions/checkout@v4	2025-09-14T18:08:06.7871796Z   AZURE_ACR_NAME: acrhubdevelopmentwestus3
build (22)	Run actions/checkout@v4	2025-09-14T18:08:06.7872873Z   OPENAI_API_KEY: ***
build (22)	Run actions/checkout@v4	2025-09-14T18:08:06.7873710Z   FEATURE_TEAM_DELETION: true
build (22)	Run actions/checkout@v4	2025-09-14T18:08:06.7874278Z   FEATURE_TEAM_PAYMENTS: true
build (22)	Run actions/checkout@v4	2025-09-14T18:08:06.7874832Z   CONFIRM_EMAIL: false
build (22)	Run actions/checkout@v4	2025-09-14T18:08:06.7875365Z   HIDE_LANDING_PAGE: false
build (22)	Run actions/checkout@v4	2025-09-14T18:08:06.7875906Z   GROUP_PREFIX: a5c-
build (22)	Run actions/checkout@v4	2025-09-14T18:08:06.7876445Z   DISABLE_NON_BUSINESS_EMAIL_SIGNUP: false
build (22)	Run actions/checkout@v4	2025-09-14T18:08:06.7877100Z   APP_URL: http://localhost:4002
build (22)	Run actions/checkout@v4	2025-09-14T18:08:06.7877673Z   JACKSON_PRODUCT_ID: a5c
build (22)	Run actions/checkout@v4	2025-09-14T18:08:06.7878375Z   JACKSON_WEBHOOK_SECRET: your-webhook-secret
build (22)	Run actions/checkout@v4	2025-09-14T18:08:06.7879032Z   JACKSON_API_KEY: secret
build (22)	Run actions/checkout@v4	2025-09-14T18:08:06.7879562Z   DEBUG: pw:webserver
build (22)	Run actions/checkout@v4	2025-09-14T18:08:06.7880048Z   CI: true
build (22)	Run actions/checkout@v4	2025-09-14T18:08:06.7880574Z   VERCEL_TOKEN: ***
build (22)	Run actions/checkout@v4	2025-09-14T18:08:06.7881120Z   VERCEL_ORG_ID: team_08scWIMUiz59bFpkE0odinUT
build (22)	Run actions/checkout@v4	2025-09-14T18:08:06.7881761Z   VERCEL_PROJECT_ID: 
build (22)	Run actions/checkout@v4	2025-09-14T18:08:06.7882436Z   SUPABASE_ACCESS_TOKEN: ***
build (22)	Run actions/checkout@v4	2025-09-14T18:08:06.7883024Z   SUPABASE_ORG_ID: elyrlazfpakctdlgywlj
build (22)	Run actions/checkout@v4	2025-09-14T18:08:06.7883643Z   SUPABASE_PROJECT_REF: 
build (22)	Run actions/checkout@v4	2025-09-14T18:08:06.7884190Z   SUPABASE_PROJECT_URL: 
build (22)	Run actions/checkout@v4	2025-09-14T18:08:06.7884764Z   SUPABASE_DB_PASSWORD: ***
build (22)	Run actions/checkout@v4	2025-09-14T18:08:06.7885323Z   SLACK_BOT_TOKEN: 
build (22)	Run actions/checkout@v4	2025-09-14T18:08:06.7885817Z   SLACK_SIGNING_SECRET: 
build (22)	Run actions/checkout@v4	2025-09-14T18:08:06.7886335Z   SLACK_APP_TOKEN: 
build (22)	Run actions/checkout@v4	2025-09-14T18:08:06.7887162Z   DISCORD_TOKEN: ***
build (22)	Run actions/checkout@v4	2025-09-14T18:08:06.7887693Z   DISCORD_GUILD_ID: 1393846540115640320
build (22)	Run actions/checkout@v4	2025-09-14T18:08:06.7888394Z   STRIPE_SECRET_KEY: 
build (22)	Run actions/checkout@v4	2025-09-14T18:08:06.7888909Z   STRIPE_PUBLISHABLE_KEY: 
build (22)	Run actions/checkout@v4	2025-09-14T18:08:06.7889455Z   STRIPE_WEBHOOK_SECRET: 
build (22)	Run actions/checkout@v4	2025-09-14T18:08:06.7889980Z   STRIPE_WEBHOOK_URL: 
build (22)	Run actions/checkout@v4	2025-09-14T18:08:06.7890485Z   STRIPE_WEBHOOK_ID: 
build (22)	Run actions/checkout@v4	2025-09-14T18:08:06.7890991Z   AWS_ACCESS_KEY_ID: 
build (22)	Run actions/checkout@v4	2025-09-14T18:08:06.7891498Z   AWS_SECRET_ACCESS_KEY: 
build (22)	Run actions/checkout@v4	2025-09-14T18:08:06.7892004Z   AWS_REGION: 
build (22)	Run actions/checkout@v4	2025-09-14T18:08:06.7892568Z   GOOGLE_APPLICATION_CREDENTIALS: 
build (22)	Run actions/checkout@v4	2025-09-14T18:08:06.7893142Z   AZURE_CLIENT_ID: 
build (22)	Run actions/checkout@v4	2025-09-14T18:08:06.7893627Z   AZURE_CLIENT_SECRET: 
build (22)	Run actions/checkout@v4	2025-09-14T18:08:06.7894129Z   AZURE_TENANT_ID: 
build (22)	Run actions/checkout@v4	2025-09-14T18:08:06.7894640Z   AZURE_SUBSCRIPTION_ID: 
build (22)	Run actions/checkout@v4	2025-09-14T18:08:06.7895166Z   GOOGLE_CLIENT_ID: 
build (22)	Run actions/checkout@v4	2025-09-14T18:08:06.7895670Z   GOOGLE_CLIENT_SECRET: 
build (22)	Run actions/checkout@v4	2025-09-14T18:08:06.7896254Z   AUTH_GITHUB_CLIENT_ID: ***
build (22)	Run actions/checkout@v4	2025-09-14T18:08:06.7896973Z   AUTH_GITHUB_CLIENT_SECRET: ***
build (22)	Run actions/checkout@v4	2025-09-14T18:08:06.7897533Z   AUTH_GITHUB_ORG_ID: 
build (22)	Run actions/checkout@v4	2025-09-14T18:08:06.7898560Z   AUTH_GITHUB_ORG_NAME: 
build (22)	Run actions/checkout@v4	2025-09-14T18:08:06.7899113Z   AUTH_GITHUB_ORG_DESCRIPTION: 
build (22)	Run actions/checkout@v4	2025-09-14T18:08:06.7899670Z   HEROKU_API_KEY: 
build (22)	Run actions/checkout@v4	2025-09-14T18:08:06.7900153Z   HEROKU_APP_NAME: 
build (22)	Run actions/checkout@v4	2025-09-14T18:08:06.7900638Z   HEROKU_APP_ID: 
build (22)	Run actions/checkout@v4	2025-09-14T18:08:06.7901119Z   HEROKU_APP_URL: 
build (22)	Run actions/checkout@v4	2025-09-14T18:08:06.7901592Z ##[endgroup]
build (22)	Run actions/checkout@v4	2025-09-14T18:08:06.9981432Z Syncing repository: a5c-ai/events
build (22)	Run actions/checkout@v4	2025-09-14T18:08:06.9984188Z ##[group]Getting Git version info
build (22)	Run actions/checkout@v4	2025-09-14T18:08:06.9985483Z Working directory is '/home/runner/work/events/events'
build (22)	Run actions/checkout@v4	2025-09-14T18:08:06.9987485Z [command]/usr/bin/git version
build (22)	Run actions/checkout@v4	2025-09-14T18:08:06.9988719Z git version 2.51.0
build (22)	Run actions/checkout@v4	2025-09-14T18:08:06.9992100Z ##[endgroup]
build (22)	Run actions/checkout@v4	2025-09-14T18:08:06.9999172Z Temporarily overriding HOME='/home/runner/work/_temp/851a93b0-f4e8-403e-a902-1a9f07be1044' before making global git config changes
build (22)	Run actions/checkout@v4	2025-09-14T18:08:07.0001840Z Adding repository directory to the temporary git global config as a safe directory
build (22)	Run actions/checkout@v4	2025-09-14T18:08:07.0003901Z [command]/usr/bin/git config --global --add safe.directory /home/runner/work/events/events
build (22)	Run actions/checkout@v4	2025-09-14T18:08:07.0007008Z Deleting the contents of '/home/runner/work/events/events'
build (22)	Run actions/checkout@v4	2025-09-14T18:08:07.0009217Z ##[group]Initializing the repository
build (22)	Run actions/checkout@v4	2025-09-14T18:08:07.0010498Z [command]/usr/bin/git init /home/runner/work/events/events
build (22)	Run actions/checkout@v4	2025-09-14T18:08:07.0012229Z hint: Using 'master' as the name for the initial branch. This default branch name
build (22)	Run actions/checkout@v4	2025-09-14T18:08:07.0014082Z hint: is subject to change. To configure the initial branch name to use in all
build (22)	Run actions/checkout@v4	2025-09-14T18:08:07.0015839Z hint: of your new repositories, which will suppress this warning, call:
build (22)	Run actions/checkout@v4	2025-09-14T18:08:07.0017153Z hint:
build (22)	Run actions/checkout@v4	2025-09-14T18:08:07.0018730Z hint: 	git config --global init.defaultBranch <name>
build (22)	Run actions/checkout@v4	2025-09-14T18:08:07.0019979Z hint:
build (22)	Run actions/checkout@v4	2025-09-14T18:08:07.0021081Z hint: Names commonly chosen instead of 'master' are 'main', 'trunk' and
build (22)	Run actions/checkout@v4	2025-09-14T18:08:07.0022896Z hint: 'development'. The just-created branch can be renamed via this command:
build (22)	Run actions/checkout@v4	2025-09-14T18:08:07.0024325Z hint:
build (22)	Run actions/checkout@v4	2025-09-14T18:08:07.0025180Z hint: 	git branch -m <name>
build (22)	Run actions/checkout@v4	2025-09-14T18:08:07.0026105Z hint:
build (22)	Run actions/checkout@v4	2025-09-14T18:08:07.0027323Z hint: Disable this message with "git config set advice.defaultBranchName false"
build (22)	Run actions/checkout@v4	2025-09-14T18:08:07.0029378Z Initialized empty Git repository in /home/runner/work/events/events/.git/
build (22)	Run actions/checkout@v4	2025-09-14T18:08:07.0032426Z [command]/usr/bin/git remote add origin https://github.com/a5c-ai/events
build (22)	Run actions/checkout@v4	2025-09-14T18:08:07.0035443Z ##[endgroup]
build (22)	Run actions/checkout@v4	2025-09-14T18:08:07.0036972Z ##[group]Disabling automatic garbage collection
build (22)	Run actions/checkout@v4	2025-09-14T18:08:07.0038541Z [command]/usr/bin/git config --local gc.auto 0
build (22)	Run actions/checkout@v4	2025-09-14T18:08:07.0041295Z ##[endgroup]
build (22)	Run actions/checkout@v4	2025-09-14T18:08:07.0042722Z ##[group]Setting up auth
build (22)	Run actions/checkout@v4	2025-09-14T18:08:07.0044086Z [command]/usr/bin/git config --local --name-only --get-regexp core\.sshCommand
build (22)	Run actions/checkout@v4	2025-09-14T18:08:07.0048240Z [command]/usr/bin/git submodule foreach --recursive sh -c "git config --local --name-only --get-regexp 'core\.sshCommand' && git config --local --unset-all 'core.sshCommand' || :"
build (22)	Run actions/checkout@v4	2025-09-14T18:08:07.0081718Z [command]/usr/bin/git config --local --name-only --get-regexp http\.https\:\/\/github\.com\/\.extraheader
build (22)	Run actions/checkout@v4	2025-09-14T18:08:07.0122276Z [command]/usr/bin/git submodule foreach --recursive sh -c "git config --local --name-only --get-regexp 'http\.https\:\/\/github\.com\/\.extraheader' && git config --local --unset-all 'http.https://github.com/.extraheader' || :"
build (22)	Run actions/checkout@v4	2025-09-14T18:08:07.0388834Z [command]/usr/bin/git config --local http.https://github.com/.extraheader AUTHORIZATION: basic ***
build (22)	Run actions/checkout@v4	2025-09-14T18:08:07.0425654Z ##[endgroup]
build (22)	Run actions/checkout@v4	2025-09-14T18:08:07.0429600Z ##[group]Fetching the repository
build (22)	Run actions/checkout@v4	2025-09-14T18:08:07.0437619Z [command]/usr/bin/git -c protocol.version=2 fetch --no-tags --prune --no-recurse-submodules --depth=1 origin +4004d3d1fb86ac3ad3d8dc8324b08aabdeba4652:refs/remotes/origin/a5c/main
build (22)	Run actions/checkout@v4	2025-09-14T18:08:07.6772791Z From https://github.com/a5c-ai/events
build (22)	Run actions/checkout@v4	2025-09-14T18:08:07.6775156Z  * [new ref]         4004d3d1fb86ac3ad3d8dc8324b08aabdeba4652 -> origin/a5c/main
build (22)	Run actions/checkout@v4	2025-09-14T18:08:07.6793964Z ##[endgroup]
build (22)	Run actions/checkout@v4	2025-09-14T18:08:07.6796320Z ##[group]Determining the checkout info
build (22)	Run actions/checkout@v4	2025-09-14T18:08:07.6800161Z ##[endgroup]
build (22)	Run actions/checkout@v4	2025-09-14T18:08:07.6802988Z [command]/usr/bin/git sparse-checkout disable
build (22)	Run actions/checkout@v4	2025-09-14T18:08:07.6896488Z [command]/usr/bin/git config --local --unset-all extensions.worktreeConfig
build (22)	Run actions/checkout@v4	2025-09-14T18:08:07.6930435Z ##[group]Checking out the ref
build (22)	Run actions/checkout@v4	2025-09-14T18:08:07.6934564Z [command]/usr/bin/git checkout --progress --force -B a5c/main refs/remotes/origin/a5c/main
build (22)	Run actions/checkout@v4	2025-09-14T18:08:07.7213056Z Switched to a new branch 'a5c/main'
build (22)	Run actions/checkout@v4	2025-09-14T18:08:07.7215356Z branch 'a5c/main' set up to track 'origin/a5c/main'.
build (22)	Run actions/checkout@v4	2025-09-14T18:08:07.7221841Z ##[endgroup]
build (22)	Run actions/checkout@v4	2025-09-14T18:08:07.7374973Z [command]/usr/bin/git log -1 --format=%H
build (22)	Run actions/checkout@v4	2025-09-14T18:08:07.7376664Z 4004d3d1fb86ac3ad3d8dc8324b08aabdeba4652
build (22)	Setup Node.js	ï»¿2025-09-14T18:08:07.7630141Z ##[group]Run actions/setup-node@v4
build (22)	Setup Node.js	2025-09-14T18:08:07.7631410Z with:
build (22)	Setup Node.js	2025-09-14T18:08:07.7632228Z   node-version: 20
build (22)	Setup Node.js	2025-09-14T18:08:07.7633123Z   cache: npm
build (22)	Setup Node.js	2025-09-14T18:08:07.7633990Z   check-latest: true
build (22)	Setup Node.js	2025-09-14T18:08:07.7634939Z   always-auth: false
build (22)	Setup Node.js	2025-09-14T18:08:07.7636182Z   token: ***
build (22)	Setup Node.js	2025-09-14T18:08:07.7637022Z env:
build (22)	Setup Node.js	2025-09-14T18:08:07.7638602Z   DATABASE_URL: ***localhost:5432/postgres
build (22)	Setup Node.js	2025-09-14T18:08:07.7639949Z   NEXTAUTH_URL: http://localhost:4002
build (22)	Setup Node.js	2025-09-14T18:08:07.7641158Z   NEXTAUTH_SECRET: secret
build (22)	Setup Node.js	2025-09-14T18:08:07.7642228Z   NEXTAUTH_SESSION_STRATEGY: database
build (22)	Setup Node.js	2025-09-14T18:08:07.7643644Z   AUTH_PROVIDERS: github,credentials,saml,idp-initiated
build (22)	Setup Node.js	2025-09-14T18:08:07.7645051Z   FEATURE_TEAM_SSO: true
build (22)	Setup Node.js	2025-09-14T18:08:07.7646026Z   FEATURE_TEAM_DSYNC: true
build (22)	Setup Node.js	2025-09-14T18:08:07.7647057Z   FEATURE_TEAM_AUDIT_LOG: true
build (22)	Setup Node.js	2025-09-14T18:08:07.7648452Z   FEATURE_TEAM_WEBHOOK: false
build (22)	Setup Node.js	2025-09-14T18:08:07.7649519Z   FEATURE_TEAM_API_KEY: true
build (22)	Setup Node.js	2025-09-14T18:08:07.7652252Z   ANTHROPIC_API_KEY: ***
build (22)	Setup Node.js	2025-09-14T18:08:07.7653372Z   AZURE_OPENAI_PROJECT_NAME: a5c-sw-resource
build (22)	Setup Node.js	2025-09-14T18:08:07.7656007Z   AZURE_OPENAI_API_KEY: ***
build (22)	Setup Node.js	2025-09-14T18:08:07.7657120Z   AZURE_ACR_NAME: acrhubdevelopmentwestus3
build (22)	Setup Node.js	2025-09-14T18:08:07.7659742Z   OPENAI_API_KEY: ***
build (22)	Setup Node.js	2025-09-14T18:08:07.7660688Z   FEATURE_TEAM_DELETION: true
build (22)	Setup Node.js	2025-09-14T18:08:07.7661751Z   FEATURE_TEAM_PAYMENTS: true
build (22)	Setup Node.js	2025-09-14T18:08:07.7662792Z   CONFIRM_EMAIL: false
build (22)	Setup Node.js	2025-09-14T18:08:07.7663747Z   HIDE_LANDING_PAGE: false
build (22)	Setup Node.js	2025-09-14T18:08:07.7664733Z   GROUP_PREFIX: a5c-
build (22)	Setup Node.js	2025-09-14T18:08:07.7665735Z   DISABLE_NON_BUSINESS_EMAIL_SIGNUP: false
build (22)	Setup Node.js	2025-09-14T18:08:07.7667000Z   APP_URL: http://localhost:4002
build (22)	Setup Node.js	2025-09-14T18:08:07.7668382Z   JACKSON_PRODUCT_ID: a5c
build (22)	Setup Node.js	2025-09-14T18:08:07.7669524Z   JACKSON_WEBHOOK_SECRET: your-webhook-secret
build (22)	Setup Node.js	2025-09-14T18:08:07.7670771Z   JACKSON_API_KEY: secret
build (22)	Setup Node.js	2025-09-14T18:08:07.7671760Z   DEBUG: pw:webserver
build (22)	Setup Node.js	2025-09-14T18:08:07.7672634Z   CI: true
build (22)	Setup Node.js	2025-09-14T18:08:07.7673534Z   VERCEL_TOKEN: ***
build (22)	Setup Node.js	2025-09-14T18:08:07.7674527Z   VERCEL_ORG_ID: team_08scWIMUiz59bFpkE0odinUT
build (22)	Setup Node.js	2025-09-14T18:08:07.7675776Z   VERCEL_PROJECT_ID: 
build (22)	Setup Node.js	2025-09-14T18:08:07.7677075Z   SUPABASE_ACCESS_TOKEN: ***
build (22)	Setup Node.js	2025-09-14T18:08:07.7678282Z   SUPABASE_ORG_ID: elyrlazfpakctdlgywlj
build (22)	Setup Node.js	2025-09-14T18:08:07.7679464Z   SUPABASE_PROJECT_REF: 
build (22)	Setup Node.js	2025-09-14T18:08:07.7680443Z   SUPABASE_PROJECT_URL: 
build (22)	Setup Node.js	2025-09-14T18:08:07.7681520Z   SUPABASE_DB_PASSWORD: ***
build (22)	Setup Node.js	2025-09-14T18:08:07.7682492Z   SLACK_BOT_TOKEN: 
build (22)	Setup Node.js	2025-09-14T18:08:07.7683366Z   SLACK_SIGNING_SECRET: 
build (22)	Setup Node.js	2025-09-14T18:08:07.7684303Z   SLACK_APP_TOKEN: 
build (22)	Setup Node.js	2025-09-14T18:08:07.7686051Z   DISCORD_TOKEN: ***
build (22)	Setup Node.js	2025-09-14T18:08:07.7686978Z   DISCORD_GUILD_ID: 1393846540115640320
build (22)	Setup Node.js	2025-09-14T18:08:07.7688189Z   STRIPE_SECRET_KEY: 
build (22)	Setup Node.js	2025-09-14T18:08:07.7689116Z   STRIPE_PUBLISHABLE_KEY: 
build (22)	Setup Node.js	2025-09-14T18:08:07.7690124Z   STRIPE_WEBHOOK_SECRET: 
build (22)	Setup Node.js	2025-09-14T18:08:07.7691094Z   STRIPE_WEBHOOK_URL: 
build (22)	Setup Node.js	2025-09-14T18:08:07.7692031Z   STRIPE_WEBHOOK_ID: 
build (22)	Setup Node.js	2025-09-14T18:08:07.7692942Z   AWS_ACCESS_KEY_ID: 
build (22)	Setup Node.js	2025-09-14T18:08:07.7693872Z   AWS_SECRET_ACCESS_KEY: 
build (22)	Setup Node.js	2025-09-14T18:08:07.7694826Z   AWS_REGION: 
build (22)	Setup Node.js	2025-09-14T18:08:07.7695730Z   GOOGLE_APPLICATION_CREDENTIALS: 
build (22)	Setup Node.js	2025-09-14T18:08:07.7696819Z   AZURE_CLIENT_ID: 
build (22)	Setup Node.js	2025-09-14T18:08:07.7697704Z   AZURE_CLIENT_SECRET: 
build (22)	Setup Node.js	2025-09-14T18:08:07.7698709Z   AZURE_TENANT_ID: 
build (22)	Setup Node.js	2025-09-14T18:08:07.7699600Z   AZURE_SUBSCRIPTION_ID: 
build (22)	Setup Node.js	2025-09-14T18:08:07.7700573Z   GOOGLE_CLIENT_ID: 
build (22)	Setup Node.js	2025-09-14T18:08:07.7701487Z   GOOGLE_CLIENT_SECRET: 
build (22)	Setup Node.js	2025-09-14T18:08:07.7702554Z   AUTH_GITHUB_CLIENT_ID: ***
build (22)	Setup Node.js	2025-09-14T18:08:07.7703977Z   AUTH_GITHUB_CLIENT_SECRET: ***
build (22)	Setup Node.js	2025-09-14T18:08:07.7705049Z   AUTH_GITHUB_ORG_ID: 
build (22)	Setup Node.js	2025-09-14T18:08:07.7705978Z   AUTH_GITHUB_ORG_NAME: 
build (22)	Setup Node.js	2025-09-14T18:08:07.7706964Z   AUTH_GITHUB_ORG_DESCRIPTION: 
build (22)	Setup Node.js	2025-09-14T18:08:07.7708236Z   HEROKU_API_KEY: 
build (22)	Setup Node.js	2025-09-14T18:08:07.7709138Z   HEROKU_APP_NAME: 
build (22)	Setup Node.js	2025-09-14T18:08:07.7710032Z   HEROKU_APP_ID: 
build (22)	Setup Node.js	2025-09-14T18:08:07.7710883Z   HEROKU_APP_URL: 
build (22)	Setup Node.js	2025-09-14T18:08:07.7711718Z ##[endgroup]
build (22)	Setup Node.js	2025-09-14T18:08:07.9539739Z Attempt to resolve the latest version from manifest...
build (22)	Setup Node.js	2025-09-14T18:08:08.7644099Z Resolved as '20.19.5'
build (22)	Setup Node.js	2025-09-14T18:08:08.7672038Z Found in cache @ /opt/hostedtoolcache/node/20.19.5/x64
build (22)	Setup Node.js	2025-09-14T18:08:08.7676915Z ##[group]Environment details
build (22)	Setup Node.js	2025-09-14T18:08:11.2763981Z node: v20.19.5
build (22)	Setup Node.js	2025-09-14T18:08:11.2765653Z npm: 10.8.2
build (22)	Setup Node.js	2025-09-14T18:08:11.2766023Z yarn: 1.22.22
build (22)	Setup Node.js	2025-09-14T18:08:11.2767220Z ##[endgroup]
build (22)	Setup Node.js	2025-09-14T18:08:11.2791389Z [command]/opt/hostedtoolcache/node/20.19.5/x64/bin/npm config get cache
build (22)	Setup Node.js	2025-09-14T18:08:11.6231333Z /home/runner/.npm
build (22)	Setup Node.js	2025-09-14T18:08:11.8131680Z Cache hit for: node-cache-Linux-x64-npm-870be864c5eaa7cd2637b3df0a36227701ee34890ba6f42830767e768915cd05
build (22)	Setup Node.js	2025-09-14T18:08:13.0546933Z Received 32583834 of 36778138 (88.6%), 31.1 MBs/sec
build (22)	Setup Node.js	2025-09-14T18:08:13.1026113Z Received 36778138 of 36778138 (100.0%), 33.5 MBs/sec
build (22)	Setup Node.js	2025-09-14T18:08:13.1027373Z Cache Size: ~35 MB (36778138 B)
build (22)	Setup Node.js	2025-09-14T18:08:13.1093047Z [command]/usr/bin/tar -xf /home/runner/work/_temp/2e996ae2-f333-4ac9-8383-674abe63fd14/cache.tzst -P -C /home/runner/work/events/events --use-compress-program unzstd
build (22)	Setup Node.js	2025-09-14T18:08:13.2853073Z Cache restored successfully
build (22)	Setup Node.js	2025-09-14T18:08:13.2931389Z Cache restored from key: node-cache-Linux-x64-npm-870be864c5eaa7cd2637b3df0a36227701ee34890ba6f42830767e768915cd05
build (22)	Run ./scripts/build.sh	ï»¿2025-09-14T18:08:13.3099761Z ##[group]Run ./scripts/build.sh
build (22)	Run ./scripts/build.sh	2025-09-14T18:08:13.3100143Z [36;1m./scripts/build.sh[0m
build (22)	Run ./scripts/build.sh	2025-09-14T18:08:13.3243331Z shell: /usr/bin/bash -e {0}
build (22)	Run ./scripts/build.sh	2025-09-14T18:08:13.3243644Z env:
build (22)	Run ./scripts/build.sh	2025-09-14T18:08:13.3244179Z   DATABASE_URL: ***localhost:5432/postgres
build (22)	Run ./scripts/build.sh	2025-09-14T18:08:13.3244589Z   NEXTAUTH_URL: http://localhost:4002
build (22)	Run ./scripts/build.sh	2025-09-14T18:08:13.3244894Z   NEXTAUTH_SECRET: secret
build (22)	Run ./scripts/build.sh	2025-09-14T18:08:13.3245161Z   NEXTAUTH_SESSION_STRATEGY: database
build (22)	Run ./scripts/build.sh	2025-09-14T18:08:13.3245507Z   AUTH_PROVIDERS: github,credentials,saml,idp-initiated
build (22)	Run ./scripts/build.sh	2025-09-14T18:08:13.3245853Z   FEATURE_TEAM_SSO: true
build (22)	Run ./scripts/build.sh	2025-09-14T18:08:13.3246150Z   FEATURE_TEAM_DSYNC: true
build (22)	Run ./scripts/build.sh	2025-09-14T18:08:13.3246423Z   FEATURE_TEAM_AUDIT_LOG: true
build (22)	Run ./scripts/build.sh	2025-09-14T18:08:13.3246704Z   FEATURE_TEAM_WEBHOOK: false
build (22)	Run ./scripts/build.sh	2025-09-14T18:08:13.3246992Z   FEATURE_TEAM_API_KEY: true
build (22)	Run ./scripts/build.sh	2025-09-14T18:08:13.3247698Z   ANTHROPIC_API_KEY: ***
build (22)	Run ./scripts/build.sh	2025-09-14T18:08:13.3248279Z   AZURE_OPENAI_PROJECT_NAME: a5c-sw-resource
build (22)	Run ./scripts/build.sh	2025-09-14T18:08:13.3248950Z   AZURE_OPENAI_API_KEY: ***
build (22)	Run ./scripts/build.sh	2025-09-14T18:08:13.3249305Z   AZURE_ACR_NAME: acrhubdevelopmentwestus3
build (22)	Run ./scripts/build.sh	2025-09-14T18:08:13.3249955Z   OPENAI_API_KEY: ***
build (22)	Run ./scripts/build.sh	2025-09-14T18:08:13.3250219Z   FEATURE_TEAM_DELETION: true
build (22)	Run ./scripts/build.sh	2025-09-14T18:08:13.3250500Z   FEATURE_TEAM_PAYMENTS: true
build (22)	Run ./scripts/build.sh	2025-09-14T18:08:13.3250772Z   CONFIRM_EMAIL: false
build (22)	Run ./scripts/build.sh	2025-09-14T18:08:13.3251027Z   HIDE_LANDING_PAGE: false
build (22)	Run ./scripts/build.sh	2025-09-14T18:08:13.3251292Z   GROUP_PREFIX: a5c-
build (22)	Run ./scripts/build.sh	2025-09-14T18:08:13.3251573Z   DISABLE_NON_BUSINESS_EMAIL_SIGNUP: false
build (22)	Run ./scripts/build.sh	2025-09-14T18:08:13.3251911Z   APP_URL: http://localhost:4002
build (22)	Run ./scripts/build.sh	2025-09-14T18:08:13.3252218Z   JACKSON_PRODUCT_ID: a5c
build (22)	Run ./scripts/build.sh	2025-09-14T18:08:13.3252520Z   JACKSON_WEBHOOK_SECRET: your-webhook-secret
build (22)	Run ./scripts/build.sh	2025-09-14T18:08:13.3252848Z   JACKSON_API_KEY: secret
build (22)	Run ./scripts/build.sh	2025-09-14T18:08:13.3253112Z   DEBUG: pw:webserver
build (22)	Run ./scripts/build.sh	2025-09-14T18:08:13.3253347Z   CI: true
build (22)	Run ./scripts/build.sh	2025-09-14T18:08:13.3253599Z   VERCEL_TOKEN: ***
build (22)	Run ./scripts/build.sh	2025-09-14T18:08:13.3253869Z   VERCEL_ORG_ID: team_08scWIMUiz59bFpkE0odinUT
build (22)	Run ./scripts/build.sh	2025-09-14T18:08:13.3254187Z   VERCEL_PROJECT_ID: 
build (22)	Run ./scripts/build.sh	2025-09-14T18:08:13.3254539Z   SUPABASE_ACCESS_TOKEN: ***
build (22)	Run ./scripts/build.sh	2025-09-14T18:08:13.3254834Z   SUPABASE_ORG_ID: elyrlazfpakctdlgywlj
build (22)	Run ./scripts/build.sh	2025-09-14T18:08:13.3255142Z   SUPABASE_PROJECT_REF: 
build (22)	Run ./scripts/build.sh	2025-09-14T18:08:13.3255403Z   SUPABASE_PROJECT_URL: 
build (22)	Run ./scripts/build.sh	2025-09-14T18:08:13.3255695Z   SUPABASE_DB_PASSWORD: ***
build (22)	Run ./scripts/build.sh	2025-09-14T18:08:13.3255957Z   SLACK_BOT_TOKEN: 
build (22)	Run ./scripts/build.sh	2025-09-14T18:08:13.3256194Z   SLACK_SIGNING_SECRET: 
build (22)	Run ./scripts/build.sh	2025-09-14T18:08:13.3256443Z   SLACK_APP_TOKEN: 
build (22)	Run ./scripts/build.sh	2025-09-14T18:08:13.3256881Z   DISCORD_TOKEN: ***
build (22)	Run ./scripts/build.sh	2025-09-14T18:08:13.3257132Z   DISCORD_GUILD_ID: 1393846540115640320
build (22)	Run ./scripts/build.sh	2025-09-14T18:08:13.3257408Z   STRIPE_SECRET_KEY: 
build (22)	Run ./scripts/build.sh	2025-09-14T18:08:13.3257634Z   STRIPE_PUBLISHABLE_KEY: 
build (22)	Run ./scripts/build.sh	2025-09-14T18:08:13.3257989Z   STRIPE_WEBHOOK_SECRET: 
build (22)	Run ./scripts/build.sh	2025-09-14T18:08:13.3258222Z   STRIPE_WEBHOOK_URL: 
build (22)	Run ./scripts/build.sh	2025-09-14T18:08:13.3258447Z   STRIPE_WEBHOOK_ID: 
build (22)	Run ./scripts/build.sh	2025-09-14T18:08:13.3258669Z   AWS_ACCESS_KEY_ID: 
build (22)	Run ./scripts/build.sh	2025-09-14T18:08:13.3258883Z   AWS_SECRET_ACCESS_KEY: 
build (22)	Run ./scripts/build.sh	2025-09-14T18:08:13.3259104Z   AWS_REGION: 
build (22)	Run ./scripts/build.sh	2025-09-14T18:08:13.3259323Z   GOOGLE_APPLICATION_CREDENTIALS: 
build (22)	Run ./scripts/build.sh	2025-09-14T18:08:13.3259582Z   AZURE_CLIENT_ID: 
build (22)	Run ./scripts/build.sh	2025-09-14T18:08:13.3259803Z   AZURE_CLIENT_SECRET: 
build (22)	Run ./scripts/build.sh	2025-09-14T18:08:13.3260019Z   AZURE_TENANT_ID: 
build (22)	Run ./scripts/build.sh	2025-09-14T18:08:13.3260230Z   AZURE_SUBSCRIPTION_ID: 
build (22)	Run ./scripts/build.sh	2025-09-14T18:08:13.3260457Z   GOOGLE_CLIENT_ID: 
build (22)	Run ./scripts/build.sh	2025-09-14T18:08:13.3260677Z   GOOGLE_CLIENT_SECRET: 
build (22)	Run ./scripts/build.sh	2025-09-14T18:08:13.3260950Z   AUTH_GITHUB_CLIENT_ID: ***
build (22)	Run ./scripts/build.sh	2025-09-14T18:08:13.3261286Z   AUTH_GITHUB_CLIENT_SECRET: ***
build (22)	Run ./scripts/build.sh	2025-09-14T18:08:13.3261545Z   AUTH_GITHUB_ORG_ID: 
build (22)	Run ./scripts/build.sh	2025-09-14T18:08:13.3261768Z   AUTH_GITHUB_ORG_NAME: 
build (22)	Run ./scripts/build.sh	2025-09-14T18:08:13.3262011Z   AUTH_GITHUB_ORG_DESCRIPTION: 
build (22)	Run ./scripts/build.sh	2025-09-14T18:08:13.3262258Z   HEROKU_API_KEY: 
build (22)	Run ./scripts/build.sh	2025-09-14T18:08:13.3262682Z   HEROKU_APP_NAME: 
build (22)	Run ./scripts/build.sh	2025-09-14T18:08:13.3262893Z   HEROKU_APP_ID: 
build (22)	Run ./scripts/build.sh	2025-09-14T18:08:13.3263101Z   HEROKU_APP_URL: 
build (22)	Run ./scripts/build.sh	2025-09-14T18:08:13.3263314Z ##[endgroup]
build (22)	Run ./scripts/build.sh	2025-09-14T18:08:13.3403080Z [install] Node dependencies
build (22)	Run ./scripts/build.sh	2025-09-14T18:08:23.1708942Z 
build (22)	Run ./scripts/build.sh	2025-09-14T18:08:23.1710961Z > @a5c-ai/events@1.1.0-a5c-main.9 prepare
build (22)	Run ./scripts/build.sh	2025-09-14T18:08:23.1712521Z > npm run build
build (22)	Run ./scripts/build.sh	2025-09-14T18:08:23.1713727Z 
build (22)	Run ./scripts/build.sh	2025-09-14T18:08:23.3363238Z 
build (22)	Run ./scripts/build.sh	2025-09-14T18:08:23.3364247Z > @a5c-ai/events@1.1.0-a5c-main.9 build
build (22)	Run ./scripts/build.sh	2025-09-14T18:08:23.3365206Z > tsc -p tsconfig.build.json && node scripts/build-post.js
build (22)	Run ./scripts/build.sh	2025-09-14T18:08:23.3365770Z 
build (22)	Run ./scripts/build.sh	2025-09-14T18:08:27.2582425Z 
build (22)	Run ./scripts/build.sh	2025-09-14T18:08:27.2583250Z added 661 packages in 14s
build (22)	Run ./scripts/build.sh	2025-09-14T18:08:27.3002989Z [install] Done.
build (22)	Run ./scripts/build.sh	2025-09-14T18:08:27.3012355Z [build] Running npm run build
build (22)	Post Setup Node.js	ï»¿2025-09-14T18:08:30.9689201Z Post job cleanup.
build (22)	Post Setup Node.js	2025-09-14T18:08:31.1752459Z Cache hit occurred on the primary key node-cache-Linux-x64-npm-870be864c5eaa7cd2637b3df0a36227701ee34890ba6f42830767e768915cd05, not saving cache.
build (22)	Post Run actions/checkout@v4	ï»¿2025-09-14T18:08:31.1891133Z Post job cleanup.
build (22)	Post Run actions/checkout@v4	2025-09-14T18:08:31.2847632Z [command]/usr/bin/git version
build (22)	Post Run actions/checkout@v4	2025-09-14T18:08:31.2889874Z git version 2.51.0
build (22)	Post Run actions/checkout@v4	2025-09-14T18:08:31.2936620Z Temporarily overriding HOME='/home/runner/work/_temp/3587fa14-e4f0-4816-a62d-d700d3107f26' before making global git config changes
build (22)	Post Run actions/checkout@v4	2025-09-14T18:08:31.2940480Z Adding repository directory to the temporary git global config as a safe directory
build (22)	Post Run actions/checkout@v4	2025-09-14T18:08:31.2956228Z [command]/usr/bin/git config --global --add safe.directory /home/runner/work/events/events
build (22)	Post Run actions/checkout@v4	2025-09-14T18:08:31.2994986Z [command]/usr/bin/git config --local --name-only --get-regexp core\.sshCommand
build (22)	Post Run actions/checkout@v4	2025-09-14T18:08:31.3033571Z [command]/usr/bin/git submodule foreach --recursive sh -c "git config --local --name-only --get-regexp 'core\.sshCommand' && git config --local --unset-all 'core.sshCommand' || :"
build (22)	Post Run actions/checkout@v4	2025-09-14T18:08:31.3283063Z [command]/usr/bin/git config --local --name-only --get-regexp http\.https\:\/\/github\.com\/\.extraheader
build (22)	Post Run actions/checkout@v4	2025-09-14T18:08:31.3308721Z http.https://github.com/.extraheader
build (22)	Post Run actions/checkout@v4	2025-09-14T18:08:31.3328121Z [command]/usr/bin/git config --local --unset-all http.https://github.com/.extraheader
build (22)	Post Run actions/checkout@v4	2025-09-14T18:08:31.3363618Z [command]/usr/bin/git submodule foreach --recursive sh -c "git config --local --name-only --get-regexp 'http\.https\:\/\/github\.com\/\.extraheader' && git config --local --unset-all 'http.https://github.com/.extraheader' || :"
build (22)	Complete job	ï»¿2025-09-14T18:08:31.3736578Z Cleaning up orphan processes
test	Set up job	ï»¿2025-09-14T18:08:36.3943983Z Current runner version: '2.328.0'
test	Set up job	2025-09-14T18:08:36.3951823Z Runner name: 'runner8core_20c2bd15b0b6'
test	Set up job	2025-09-14T18:08:36.3952777Z Runner group name: 'default'
test	Set up job	2025-09-14T18:08:36.3953745Z Machine name: 'runnervmf4ws1'
test	Set up job	2025-09-14T18:08:36.3972026Z ##[group]Operating System
test	Set up job	2025-09-14T18:08:36.3972809Z Ubuntu
test	Set up job	2025-09-14T18:08:36.3973330Z 24.04.3
test	Set up job	2025-09-14T18:08:36.3973935Z LTS
test	Set up job	2025-09-14T18:08:36.3974446Z ##[endgroup]
test	Set up job	2025-09-14T18:08:36.3975065Z ##[group]Runner Image
test	Set up job	2025-09-14T18:08:36.3975686Z Image: ubuntu-24.04
test	Set up job	2025-09-14T18:08:36.3976258Z Version: 20250907.24.1
test	Set up job	2025-09-14T18:08:36.3977570Z Included Software: https://github.com/actions/runner-images/blob/ubuntu24/20250907.24/images/ubuntu/Ubuntu2404-Readme.md
test	Set up job	2025-09-14T18:08:36.3979074Z Image Release: https://github.com/actions/runner-images/releases/tag/ubuntu24%2F20250907.24
test	Set up job	2025-09-14T18:08:36.3980105Z ##[endgroup]
test	Set up job	2025-09-14T18:08:36.3982591Z ##[group]GITHUB_TOKEN Permissions
test	Set up job	2025-09-14T18:08:36.3985022Z Actions: write
test	Set up job	2025-09-14T18:08:36.3985982Z Attestations: write
test	Set up job	2025-09-14T18:08:36.3987613Z Checks: write
test	Set up job	2025-09-14T18:08:36.3988319Z Contents: write
test	Set up job	2025-09-14T18:08:36.3988954Z Deployments: write
test	Set up job	2025-09-14T18:08:36.3989556Z Discussions: write
test	Set up job	2025-09-14T18:08:36.3990201Z Issues: write
test	Set up job	2025-09-14T18:08:36.3990813Z Metadata: read
test	Set up job	2025-09-14T18:08:36.3991365Z Models: read
test	Set up job	2025-09-14T18:08:36.3991894Z Packages: write
test	Set up job	2025-09-14T18:08:36.3992504Z Pages: write
test	Set up job	2025-09-14T18:08:36.3993079Z PullRequests: write
test	Set up job	2025-09-14T18:08:36.3993705Z RepositoryProjects: write
test	Set up job	2025-09-14T18:08:36.3994330Z SecurityEvents: write
test	Set up job	2025-09-14T18:08:36.3994902Z Statuses: write
test	Set up job	2025-09-14T18:08:36.3995494Z ##[endgroup]
test	Set up job	2025-09-14T18:08:36.3997844Z Secret source: Actions
test	Set up job	2025-09-14T18:08:36.3999203Z Prepare workflow directory
test	Set up job	2025-09-14T18:08:36.4552774Z Prepare all required actions
test	Set up job	2025-09-14T18:08:36.4591156Z Getting action download info
test	Set up job	2025-09-14T18:08:36.8281826Z Download action repository 'actions/checkout@v4' (SHA:08eba0b27e820071cde6df949e0beb9ba4906955)
test	Set up job	2025-09-14T18:08:36.8803145Z Download action repository 'actions/setup-node@v4' (SHA:49933ea5288caeca8642d1e84afbd3f7d6820020)
test	Set up job	2025-09-14T18:08:37.0383433Z Complete job name: test
test	Run actions/checkout@v4	ï»¿2025-09-14T18:08:37.1061537Z ##[group]Run actions/checkout@v4
test	Run actions/checkout@v4	2025-09-14T18:08:37.1062523Z with:
test	Run actions/checkout@v4	2025-09-14T18:08:37.1063027Z   repository: a5c-ai/events
test	Run actions/checkout@v4	2025-09-14T18:08:37.1063754Z   token: ***
test	Run actions/checkout@v4	2025-09-14T18:08:37.1064222Z   ssh-strict: true
test	Run actions/checkout@v4	2025-09-14T18:08:37.1064691Z   ssh-user: git
test	Run actions/checkout@v4	2025-09-14T18:08:37.1065173Z   persist-credentials: true
test	Run actions/checkout@v4	2025-09-14T18:08:37.1065698Z   clean: true
test	Run actions/checkout@v4	2025-09-14T18:08:37.1066185Z   sparse-checkout-cone-mode: true
test	Run actions/checkout@v4	2025-09-14T18:08:37.1066765Z   fetch-depth: 1
test	Run actions/checkout@v4	2025-09-14T18:08:37.1067238Z   fetch-tags: false
test	Run actions/checkout@v4	2025-09-14T18:08:37.1067954Z   show-progress: true
test	Run actions/checkout@v4	2025-09-14T18:08:37.1068471Z   lfs: false
test	Run actions/checkout@v4	2025-09-14T18:08:37.1068918Z   submodules: false
test	Run actions/checkout@v4	2025-09-14T18:08:37.1069403Z   set-safe-directory: true
test	Run actions/checkout@v4	2025-09-14T18:08:37.1070179Z env:
test	Run actions/checkout@v4	2025-09-14T18:08:37.1071072Z   DATABASE_URL: ***localhost:5432/postgres
test	Run actions/checkout@v4	2025-09-14T18:08:37.1071761Z   NEXTAUTH_URL: http://localhost:4002
test	Run actions/checkout@v4	2025-09-14T18:08:37.1072369Z   NEXTAUTH_SECRET: secret
test	Run actions/checkout@v4	2025-09-14T18:08:37.1072927Z   NEXTAUTH_SESSION_STRATEGY: database
test	Run actions/checkout@v4	2025-09-14T18:08:37.1073645Z   AUTH_PROVIDERS: github,credentials,saml,idp-initiated
test	Run actions/checkout@v4	2025-09-14T18:08:37.1074331Z   FEATURE_TEAM_SSO: true
test	Run actions/checkout@v4	2025-09-14T18:08:37.1074848Z   FEATURE_TEAM_DSYNC: true
test	Run actions/checkout@v4	2025-09-14T18:08:37.1075374Z   FEATURE_TEAM_AUDIT_LOG: true
test	Run actions/checkout@v4	2025-09-14T18:08:37.1075935Z   FEATURE_TEAM_WEBHOOK: false
test	Run actions/checkout@v4	2025-09-14T18:08:37.1076487Z   FEATURE_TEAM_API_KEY: true
test	Run actions/checkout@v4	2025-09-14T18:08:37.1077816Z   ANTHROPIC_API_KEY: ***
test	Run actions/checkout@v4	2025-09-14T18:08:37.1078421Z   AZURE_OPENAI_PROJECT_NAME: a5c-sw-resource
test	Run actions/checkout@v4	2025-09-14T18:08:37.1079548Z   AZURE_OPENAI_API_KEY: ***
test	Run actions/checkout@v4	2025-09-14T18:08:37.1080119Z   AZURE_ACR_NAME: acrhubdevelopmentwestus3
test	Run actions/checkout@v4	2025-09-14T18:08:37.1081197Z   OPENAI_API_KEY: ***
test	Run actions/checkout@v4	2025-09-14T18:08:37.1081710Z   FEATURE_TEAM_DELETION: true
test	Run actions/checkout@v4	2025-09-14T18:08:37.1082264Z   FEATURE_TEAM_PAYMENTS: true
test	Run actions/checkout@v4	2025-09-14T18:08:37.1082801Z   CONFIRM_EMAIL: false
test	Run actions/checkout@v4	2025-09-14T18:08:37.1083554Z   HIDE_LANDING_PAGE: false
test	Run actions/checkout@v4	2025-09-14T18:08:37.1084079Z   GROUP_PREFIX: a5c-
test	Run actions/checkout@v4	2025-09-14T18:08:37.1084594Z   DISABLE_NON_BUSINESS_EMAIL_SIGNUP: false
test	Run actions/checkout@v4	2025-09-14T18:08:37.1085227Z   APP_URL: http://localhost:4002
test	Run actions/checkout@v4	2025-09-14T18:08:37.1085787Z   JACKSON_PRODUCT_ID: a5c
test	Run actions/checkout@v4	2025-09-14T18:08:37.1086345Z   JACKSON_WEBHOOK_SECRET: your-webhook-secret
test	Run actions/checkout@v4	2025-09-14T18:08:37.1086973Z   JACKSON_API_KEY: secret
test	Run actions/checkout@v4	2025-09-14T18:08:37.1087594Z   DEBUG: pw:webserver
test	Run actions/checkout@v4	2025-09-14T18:08:37.1088074Z   CI: true
test	Run actions/checkout@v4	2025-09-14T18:08:37.1088575Z   VERCEL_TOKEN: ***
test	Run actions/checkout@v4	2025-09-14T18:08:37.1089098Z   VERCEL_ORG_ID: team_08scWIMUiz59bFpkE0odinUT
test	Run actions/checkout@v4	2025-09-14T18:08:37.1089710Z   VERCEL_PROJECT_ID: 
test	Run actions/checkout@v4	2025-09-14T18:08:37.1090370Z   SUPABASE_ACCESS_TOKEN: ***
test	Run actions/checkout@v4	2025-09-14T18:08:37.1090924Z   SUPABASE_ORG_ID: elyrlazfpakctdlgywlj
test	Run actions/checkout@v4	2025-09-14T18:08:37.1091507Z   SUPABASE_PROJECT_REF: 
test	Run actions/checkout@v4	2025-09-14T18:08:37.1092030Z   SUPABASE_PROJECT_URL: 
test	Run actions/checkout@v4	2025-09-14T18:08:37.1092569Z   SUPABASE_DB_PASSWORD: ***
test	Run actions/checkout@v4	2025-09-14T18:08:37.1093083Z   SLACK_BOT_TOKEN: 
test	Run actions/checkout@v4	2025-09-14T18:08:37.1093566Z   SLACK_SIGNING_SECRET: 
test	Run actions/checkout@v4	2025-09-14T18:08:37.1094057Z   SLACK_APP_TOKEN: 
test	Run actions/checkout@v4	2025-09-14T18:08:37.1094872Z   DISCORD_TOKEN: ***
test	Run actions/checkout@v4	2025-09-14T18:08:37.1095372Z   DISCORD_GUILD_ID: 1393846540115640320
test	Run actions/checkout@v4	2025-09-14T18:08:37.1095940Z   STRIPE_SECRET_KEY: 
test	Run actions/checkout@v4	2025-09-14T18:08:37.1096436Z   STRIPE_PUBLISHABLE_KEY: 
test	Run actions/checkout@v4	2025-09-14T18:08:37.1096961Z   STRIPE_WEBHOOK_SECRET: 
test	Run actions/checkout@v4	2025-09-14T18:08:37.1097570Z   STRIPE_WEBHOOK_URL: 
test	Run actions/checkout@v4	2025-09-14T18:08:37.1098061Z   STRIPE_WEBHOOK_ID: 
test	Run actions/checkout@v4	2025-09-14T18:08:37.1098534Z   AWS_ACCESS_KEY_ID: 
test	Run actions/checkout@v4	2025-09-14T18:08:37.1099011Z   AWS_SECRET_ACCESS_KEY: 
test	Run actions/checkout@v4	2025-09-14T18:08:37.1099505Z   AWS_REGION: 
test	Run actions/checkout@v4	2025-09-14T18:08:37.1100037Z   GOOGLE_APPLICATION_CREDENTIALS: 
test	Run actions/checkout@v4	2025-09-14T18:08:37.1100591Z   AZURE_CLIENT_ID: 
test	Run actions/checkout@v4	2025-09-14T18:08:37.1101059Z   AZURE_CLIENT_SECRET: 
test	Run actions/checkout@v4	2025-09-14T18:08:37.1101538Z   AZURE_TENANT_ID: 
test	Run actions/checkout@v4	2025-09-14T18:08:37.1102012Z   AZURE_SUBSCRIPTION_ID: 
test	Run actions/checkout@v4	2025-09-14T18:08:37.1102529Z   GOOGLE_CLIENT_ID: 
test	Run actions/checkout@v4	2025-09-14T18:08:37.1103011Z   GOOGLE_CLIENT_SECRET: 
test	Run actions/checkout@v4	2025-09-14T18:08:37.1103589Z   AUTH_GITHUB_CLIENT_ID: ***
test	Run actions/checkout@v4	2025-09-14T18:08:37.1104288Z   AUTH_GITHUB_CLIENT_SECRET: ***
test	Run actions/checkout@v4	2025-09-14T18:08:37.1104824Z   AUTH_GITHUB_ORG_ID: 
test	Run actions/checkout@v4	2025-09-14T18:08:37.1105499Z   AUTH_GITHUB_ORG_NAME: 
test	Run actions/checkout@v4	2025-09-14T18:08:37.1106021Z   AUTH_GITHUB_ORG_DESCRIPTION: 
test	Run actions/checkout@v4	2025-09-14T18:08:37.1106552Z   HEROKU_API_KEY: 
test	Run actions/checkout@v4	2025-09-14T18:08:37.1107017Z   HEROKU_APP_NAME: 
test	Run actions/checkout@v4	2025-09-14T18:08:37.1107653Z   HEROKU_APP_ID: 
test	Run actions/checkout@v4	2025-09-14T18:08:37.1108126Z   HEROKU_APP_URL: 
test	Run actions/checkout@v4	2025-09-14T18:08:37.1108587Z ##[endgroup]
test	Run actions/checkout@v4	2025-09-14T18:08:37.2163000Z Syncing repository: a5c-ai/events
test	Run actions/checkout@v4	2025-09-14T18:08:37.2165490Z ##[group]Getting Git version info
test	Run actions/checkout@v4	2025-09-14T18:08:37.2166324Z Working directory is '/home/runner/work/events/events'
test	Run actions/checkout@v4	2025-09-14T18:08:37.2167733Z [command]/usr/bin/git version
test	Run actions/checkout@v4	2025-09-14T18:08:37.2240294Z git version 2.51.0
test	Run actions/checkout@v4	2025-09-14T18:08:37.2265097Z ##[endgroup]
test	Run actions/checkout@v4	2025-09-14T18:08:37.2277751Z Temporarily overriding HOME='/home/runner/work/_temp/2f151c75-96b4-48b4-ba07-652b51cc32ad' before making global git config changes
test	Run actions/checkout@v4	2025-09-14T18:08:37.2279396Z Adding repository directory to the temporary git global config as a safe directory
test	Run actions/checkout@v4	2025-09-14T18:08:37.2283218Z [command]/usr/bin/git config --global --add safe.directory /home/runner/work/events/events
test	Run actions/checkout@v4	2025-09-14T18:08:37.2320571Z Deleting the contents of '/home/runner/work/events/events'
test	Run actions/checkout@v4	2025-09-14T18:08:37.2323889Z ##[group]Initializing the repository
test	Run actions/checkout@v4	2025-09-14T18:08:37.2328397Z [command]/usr/bin/git init /home/runner/work/events/events
test	Run actions/checkout@v4	2025-09-14T18:08:37.2408068Z hint: Using 'master' as the name for the initial branch. This default branch name
test	Run actions/checkout@v4	2025-09-14T18:08:37.2409542Z hint: is subject to change. To configure the initial branch name to use in all
test	Run actions/checkout@v4	2025-09-14T18:08:37.2410707Z hint: of your new repositories, which will suppress this warning, call:
test	Run actions/checkout@v4	2025-09-14T18:08:37.2412019Z hint:
test	Run actions/checkout@v4	2025-09-14T18:08:37.2412741Z hint: 	git config --global init.defaultBranch <name>
test	Run actions/checkout@v4	2025-09-14T18:08:37.2413511Z hint:
test	Run actions/checkout@v4	2025-09-14T18:08:37.2414238Z hint: Names commonly chosen instead of 'master' are 'main', 'trunk' and
test	Run actions/checkout@v4	2025-09-14T18:08:37.2415692Z hint: 'development'. The just-created branch can be renamed via this command:
test	Run actions/checkout@v4	2025-09-14T18:08:37.2417020Z hint:
test	Run actions/checkout@v4	2025-09-14T18:08:37.2417876Z hint: 	git branch -m <name>
test	Run actions/checkout@v4	2025-09-14T18:08:37.2418498Z hint:
test	Run actions/checkout@v4	2025-09-14T18:08:37.2419298Z hint: Disable this message with "git config set advice.defaultBranchName false"
test	Run actions/checkout@v4	2025-09-14T18:08:37.2420468Z Initialized empty Git repository in /home/runner/work/events/events/.git/
test	Run actions/checkout@v4	2025-09-14T18:08:37.2422734Z [command]/usr/bin/git remote add origin https://github.com/a5c-ai/events
test	Run actions/checkout@v4	2025-09-14T18:08:37.2458876Z ##[endgroup]
test	Run actions/checkout@v4	2025-09-14T18:08:37.2459894Z ##[group]Disabling automatic garbage collection
test	Run actions/checkout@v4	2025-09-14T18:08:37.2463121Z [command]/usr/bin/git config --local gc.auto 0
test	Run actions/checkout@v4	2025-09-14T18:08:37.2491970Z ##[endgroup]
test	Run actions/checkout@v4	2025-09-14T18:08:37.2493068Z ##[group]Setting up auth
test	Run actions/checkout@v4	2025-09-14T18:08:37.2499716Z [command]/usr/bin/git config --local --name-only --get-regexp core\.sshCommand
test	Run actions/checkout@v4	2025-09-14T18:08:37.2530290Z [command]/usr/bin/git submodule foreach --recursive sh -c "git config --local --name-only --get-regexp 'core\.sshCommand' && git config --local --unset-all 'core.sshCommand' || :"
test	Run actions/checkout@v4	2025-09-14T18:08:37.2856892Z [command]/usr/bin/git config --local --name-only --get-regexp http\.https\:\/\/github\.com\/\.extraheader
test	Run actions/checkout@v4	2025-09-14T18:08:37.2887994Z [command]/usr/bin/git submodule foreach --recursive sh -c "git config --local --name-only --get-regexp 'http\.https\:\/\/github\.com\/\.extraheader' && git config --local --unset-all 'http.https://github.com/.extraheader' || :"
test	Run actions/checkout@v4	2025-09-14T18:08:37.3125373Z [command]/usr/bin/git config --local http.https://github.com/.extraheader AUTHORIZATION: basic ***
test	Run actions/checkout@v4	2025-09-14T18:08:37.3160198Z ##[endgroup]
test	Run actions/checkout@v4	2025-09-14T18:08:37.3161298Z ##[group]Fetching the repository
test	Run actions/checkout@v4	2025-09-14T18:08:37.3169508Z [command]/usr/bin/git -c protocol.version=2 fetch --no-tags --prune --no-recurse-submodules --depth=1 origin +4004d3d1fb86ac3ad3d8dc8324b08aabdeba4652:refs/remotes/origin/a5c/main
test	Run actions/checkout@v4	2025-09-14T18:08:37.8758999Z From https://github.com/a5c-ai/events
test	Run actions/checkout@v4	2025-09-14T18:08:37.8761221Z  * [new ref]         4004d3d1fb86ac3ad3d8dc8324b08aabdeba4652 -> origin/a5c/main
test	Run actions/checkout@v4	2025-09-14T18:08:37.8791795Z ##[endgroup]
test	Run actions/checkout@v4	2025-09-14T18:08:37.8793563Z ##[group]Determining the checkout info
test	Run actions/checkout@v4	2025-09-14T18:08:37.8795122Z ##[endgroup]
test	Run actions/checkout@v4	2025-09-14T18:08:37.8797875Z [command]/usr/bin/git sparse-checkout disable
test	Run actions/checkout@v4	2025-09-14T18:08:37.8838453Z [command]/usr/bin/git config --local --unset-all extensions.worktreeConfig
test	Run actions/checkout@v4	2025-09-14T18:08:37.8866987Z ##[group]Checking out the ref
test	Run actions/checkout@v4	2025-09-14T18:08:37.8870378Z [command]/usr/bin/git checkout --progress --force -B a5c/main refs/remotes/origin/a5c/main
test	Run actions/checkout@v4	2025-09-14T18:08:37.9128836Z Switched to a new branch 'a5c/main'
test	Run actions/checkout@v4	2025-09-14T18:08:37.9130542Z branch 'a5c/main' set up to track 'origin/a5c/main'.
test	Run actions/checkout@v4	2025-09-14T18:08:37.9137856Z ##[endgroup]
test	Run actions/checkout@v4	2025-09-14T18:08:37.9174212Z [command]/usr/bin/git log -1 --format=%H
test	Run actions/checkout@v4	2025-09-14T18:08:37.9196030Z 4004d3d1fb86ac3ad3d8dc8324b08aabdeba4652
test	Setup Node.js	ï»¿2025-09-14T18:08:37.9477105Z ##[group]Run actions/setup-node@v4
test	Setup Node.js	2025-09-14T18:08:37.9478607Z with:
test	Setup Node.js	2025-09-14T18:08:37.9479530Z   node-version: 20
test	Setup Node.js	2025-09-14T18:08:37.9480528Z   cache: npm
test	Setup Node.js	2025-09-14T18:08:37.9481482Z   check-latest: true
test	Setup Node.js	2025-09-14T18:08:37.9482543Z   always-auth: false
test	Setup Node.js	2025-09-14T18:08:37.9483858Z   token: ***
test	Setup Node.js	2025-09-14T18:08:37.9484785Z env:
test	Setup Node.js	2025-09-14T18:08:37.9486242Z   DATABASE_URL: ***localhost:5432/postgres
test	Setup Node.js	2025-09-14T18:08:37.9487887Z   NEXTAUTH_URL: http://localhost:4002
test	Setup Node.js	2025-09-14T18:08:37.9489202Z   NEXTAUTH_SECRET: secret
test	Setup Node.js	2025-09-14T18:08:37.9490331Z   NEXTAUTH_SESSION_STRATEGY: database
test	Setup Node.js	2025-09-14T18:08:37.9491800Z   AUTH_PROVIDERS: github,credentials,saml,idp-initiated
test	Setup Node.js	2025-09-14T18:08:37.9493279Z   FEATURE_TEAM_SSO: true
test	Setup Node.js	2025-09-14T18:08:37.9494336Z   FEATURE_TEAM_DSYNC: true
test	Setup Node.js	2025-09-14T18:08:37.9495415Z   FEATURE_TEAM_AUDIT_LOG: true
test	Setup Node.js	2025-09-14T18:08:37.9496552Z   FEATURE_TEAM_WEBHOOK: false
test	Setup Node.js	2025-09-14T18:08:37.9497871Z   FEATURE_TEAM_API_KEY: true
test	Setup Node.js	2025-09-14T18:08:37.9500544Z   ANTHROPIC_API_KEY: ***
test	Setup Node.js	2025-09-14T18:08:37.9501930Z   AZURE_OPENAI_PROJECT_NAME: a5c-sw-resource
test	Setup Node.js	2025-09-14T18:08:37.9504491Z   AZURE_OPENAI_API_KEY: ***
test	Setup Node.js	2025-09-14T18:08:37.9505673Z   AZURE_ACR_NAME: acrhubdevelopmentwestus3
test	Setup Node.js	2025-09-14T18:08:37.9508397Z   OPENAI_API_KEY: ***
test	Setup Node.js	2025-09-14T18:08:37.9509425Z   FEATURE_TEAM_DELETION: true
test	Setup Node.js	2025-09-14T18:08:37.9510548Z   FEATURE_TEAM_PAYMENTS: true
test	Setup Node.js	2025-09-14T18:08:37.9511661Z   CONFIRM_EMAIL: false
test	Setup Node.js	2025-09-14T18:08:37.9512676Z   HIDE_LANDING_PAGE: false
test	Setup Node.js	2025-09-14T18:08:37.9513733Z   GROUP_PREFIX: a5c-
test	Setup Node.js	2025-09-14T18:08:37.9514792Z   DISABLE_NON_BUSINESS_EMAIL_SIGNUP: false
test	Setup Node.js	2025-09-14T18:08:37.9516125Z   APP_URL: http://localhost:4002
test	Setup Node.js	2025-09-14T18:08:37.9517299Z   JACKSON_PRODUCT_ID: a5c
test	Setup Node.js	2025-09-14T18:08:37.9518657Z   JACKSON_WEBHOOK_SECRET: your-webhook-secret
test	Setup Node.js	2025-09-14T18:08:37.9519962Z   JACKSON_API_KEY: secret
test	Setup Node.js	2025-09-14T18:08:37.9521004Z   DEBUG: pw:webserver
test	Setup Node.js	2025-09-14T18:08:37.9521957Z   CI: true
test	Setup Node.js	2025-09-14T18:08:37.9522938Z   VERCEL_TOKEN: ***
test	Setup Node.js	2025-09-14T18:08:37.9524021Z   VERCEL_ORG_ID: team_08scWIMUiz59bFpkE0odinUT
test	Setup Node.js	2025-09-14T18:08:37.9525356Z   VERCEL_PROJECT_ID: 
test	Setup Node.js	2025-09-14T18:08:37.9526728Z   SUPABASE_ACCESS_TOKEN: ***
test	Setup Node.js	2025-09-14T18:08:37.9528136Z   SUPABASE_ORG_ID: elyrlazfpakctdlgywlj
test	Setup Node.js	2025-09-14T18:08:37.9529401Z   SUPABASE_PROJECT_REF: 
test	Setup Node.js	2025-09-14T18:08:37.9530467Z   SUPABASE_PROJECT_URL: 
test	Setup Node.js	2025-09-14T18:08:37.9531621Z   SUPABASE_DB_PASSWORD: ***
test	Setup Node.js	2025-09-14T18:08:37.9532684Z   SLACK_BOT_TOKEN: 
test	Setup Node.js	2025-09-14T18:08:37.9533648Z   SLACK_SIGNING_SECRET: 
test	Setup Node.js	2025-09-14T18:08:37.9534674Z   SLACK_APP_TOKEN: 
test	Setup Node.js	2025-09-14T18:08:37.9536422Z   DISCORD_TOKEN: ***
test	Setup Node.js	2025-09-14T18:08:37.9537617Z   DISCORD_GUILD_ID: 1393846540115640320
test	Setup Node.js	2025-09-14T18:08:37.9538815Z   STRIPE_SECRET_KEY: 
test	Setup Node.js	2025-09-14T18:08:37.9539817Z   STRIPE_PUBLISHABLE_KEY: 
test	Setup Node.js	2025-09-14T18:08:37.9540893Z   STRIPE_WEBHOOK_SECRET: 
test	Setup Node.js	2025-09-14T18:08:37.9541930Z   STRIPE_WEBHOOK_URL: 
test	Setup Node.js	2025-09-14T18:08:37.9542932Z   STRIPE_WEBHOOK_ID: 
test	Setup Node.js	2025-09-14T18:08:37.9543908Z   AWS_ACCESS_KEY_ID: 
test	Setup Node.js	2025-09-14T18:08:37.9544892Z   AWS_SECRET_ACCESS_KEY: 
test	Setup Node.js	2025-09-14T18:08:37.9545920Z   AWS_REGION: 
test	Setup Node.js	2025-09-14T18:08:37.9546874Z   GOOGLE_APPLICATION_CREDENTIALS: 
test	Setup Node.js	2025-09-14T18:08:37.9548231Z   AZURE_CLIENT_ID: 
test	Setup Node.js	2025-09-14T18:08:37.9549198Z   AZURE_CLIENT_SECRET: 
test	Setup Node.js	2025-09-14T18:08:37.9550213Z   AZURE_TENANT_ID: 
test	Setup Node.js	2025-09-14T18:08:37.9551167Z   AZURE_SUBSCRIPTION_ID: 
test	Setup Node.js	2025-09-14T18:08:37.9552204Z   GOOGLE_CLIENT_ID: 
test	Setup Node.js	2025-09-14T18:08:37.9553178Z   GOOGLE_CLIENT_SECRET: 
test	Setup Node.js	2025-09-14T18:08:37.9554328Z   AUTH_GITHUB_CLIENT_ID: ***
test	Setup Node.js	2025-09-14T18:08:37.9555792Z   AUTH_GITHUB_CLIENT_SECRET: ***
test	Setup Node.js	2025-09-14T18:08:37.9556917Z   AUTH_GITHUB_ORG_ID: 
test	Setup Node.js	2025-09-14T18:08:37.9558094Z   AUTH_GITHUB_ORG_NAME: 
test	Setup Node.js	2025-09-14T18:08:37.9559161Z   AUTH_GITHUB_ORG_DESCRIPTION: 
test	Setup Node.js	2025-09-14T18:08:37.9560255Z   HEROKU_API_KEY: 
test	Setup Node.js	2025-09-14T18:08:37.9561183Z   HEROKU_APP_NAME: 
test	Setup Node.js	2025-09-14T18:08:37.9562117Z   HEROKU_APP_ID: 
test	Setup Node.js	2025-09-14T18:08:37.9624997Z   HEROKU_APP_URL: 
test	Setup Node.js	2025-09-14T18:08:37.9626184Z ##[endgroup]
test	Setup Node.js	2025-09-14T18:08:38.1290441Z Attempt to resolve the latest version from manifest...
test	Setup Node.js	2025-09-14T18:08:38.7524648Z Resolved as '20.19.5'
test	Setup Node.js	2025-09-14T18:08:38.7548022Z Found in cache @ /opt/hostedtoolcache/node/20.19.5/x64
test	Setup Node.js	2025-09-14T18:08:38.7553411Z ##[group]Environment details
test	Setup Node.js	2025-09-14T18:08:39.0714742Z node: v20.19.5
test	Setup Node.js	2025-09-14T18:08:39.0716040Z npm: 10.8.2
test	Setup Node.js	2025-09-14T18:08:39.0717079Z yarn: 1.22.22
test	Setup Node.js	2025-09-14T18:08:39.0719334Z ##[endgroup]
test	Setup Node.js	2025-09-14T18:08:39.0735570Z [command]/opt/hostedtoolcache/node/20.19.5/x64/bin/npm config get cache
test	Setup Node.js	2025-09-14T18:08:39.1891227Z /home/runner/.npm
test	Setup Node.js	2025-09-14T18:08:39.4033076Z Cache hit for: node-cache-Linux-x64-npm-870be864c5eaa7cd2637b3df0a36227701ee34890ba6f42830767e768915cd05
test	Setup Node.js	2025-09-14T18:08:40.6471210Z Received 32583834 of 36778138 (88.6%), 31.1 MBs/sec
test	Setup Node.js	2025-09-14T18:08:40.7788061Z Received 36778138 of 36778138 (100.0%), 31.0 MBs/sec
test	Setup Node.js	2025-09-14T18:08:40.7788888Z Cache Size: ~35 MB (36778138 B)
test	Setup Node.js	2025-09-14T18:08:40.7826933Z [command]/usr/bin/tar -xf /home/runner/work/_temp/73d20b67-8c92-4134-8361-835175729ad2/cache.tzst -P -C /home/runner/work/events/events --use-compress-program unzstd
test	Setup Node.js	2025-09-14T18:08:40.9322842Z Cache restored successfully
test	Setup Node.js	2025-09-14T18:08:40.9399574Z Cache restored from key: node-cache-Linux-x64-npm-870be864c5eaa7cd2637b3df0a36227701ee34890ba6f42830767e768915cd05
test	Run ./scripts/test.sh	ï»¿2025-09-14T18:08:40.9537611Z ##[group]Run ./scripts/test.sh
test	Run ./scripts/test.sh	2025-09-14T18:08:40.9538125Z [36;1m./scripts/test.sh[0m
test	Run ./scripts/test.sh	2025-09-14T18:08:40.9577225Z shell: /usr/bin/bash -e {0}
test	Run ./scripts/test.sh	2025-09-14T18:08:40.9577717Z env:
test	Run ./scripts/test.sh	2025-09-14T18:08:40.9578467Z   DATABASE_URL: ***localhost:5432/postgres
test	Run ./scripts/test.sh	2025-09-14T18:08:40.9578812Z   NEXTAUTH_URL: http://localhost:4002
test	Run ./scripts/test.sh	2025-09-14T18:08:40.9579123Z   NEXTAUTH_SECRET: secret
test	Run ./scripts/test.sh	2025-09-14T18:08:40.9579380Z   NEXTAUTH_SESSION_STRATEGY: database
test	Run ./scripts/test.sh	2025-09-14T18:08:40.9579727Z   AUTH_PROVIDERS: github,credentials,saml,idp-initiated
test	Run ./scripts/test.sh	2025-09-14T18:08:40.9580070Z   FEATURE_TEAM_SSO: true
test	Run ./scripts/test.sh	2025-09-14T18:08:40.9580324Z   FEATURE_TEAM_DSYNC: true
test	Run ./scripts/test.sh	2025-09-14T18:08:40.9580568Z   FEATURE_TEAM_AUDIT_LOG: true
test	Run ./scripts/test.sh	2025-09-14T18:08:40.9580844Z   FEATURE_TEAM_WEBHOOK: false
test	Run ./scripts/test.sh	2025-09-14T18:08:40.9581132Z   FEATURE_TEAM_API_KEY: true
test	Run ./scripts/test.sh	2025-09-14T18:08:40.9581730Z   ANTHROPIC_API_KEY: ***
test	Run ./scripts/test.sh	2025-09-14T18:08:40.9582004Z   AZURE_OPENAI_PROJECT_NAME: a5c-sw-resource
test	Run ./scripts/test.sh	2025-09-14T18:08:40.9582586Z   AZURE_OPENAI_API_KEY: ***
test	Run ./scripts/test.sh	2025-09-14T18:08:40.9582937Z   AZURE_ACR_NAME: acrhubdevelopmentwestus3
test	Run ./scripts/test.sh	2025-09-14T18:08:40.9583480Z   OPENAI_API_KEY: ***
test	Run ./scripts/test.sh	2025-09-14T18:08:40.9583720Z   FEATURE_TEAM_DELETION: true
test	Run ./scripts/test.sh	2025-09-14T18:08:40.9583978Z   FEATURE_TEAM_PAYMENTS: true
test	Run ./scripts/test.sh	2025-09-14T18:08:40.9584227Z   CONFIRM_EMAIL: false
test	Run ./scripts/test.sh	2025-09-14T18:08:40.9584462Z   HIDE_LANDING_PAGE: false
test	Run ./scripts/test.sh	2025-09-14T18:08:40.9584698Z   GROUP_PREFIX: a5c-
test	Run ./scripts/test.sh	2025-09-14T18:08:40.9584948Z   DISABLE_NON_BUSINESS_EMAIL_SIGNUP: false
test	Run ./scripts/test.sh	2025-09-14T18:08:40.9585250Z   APP_URL: http://localhost:4002
test	Run ./scripts/test.sh	2025-09-14T18:08:40.9585515Z   JACKSON_PRODUCT_ID: a5c
test	Run ./scripts/test.sh	2025-09-14T18:08:40.9585791Z   JACKSON_WEBHOOK_SECRET: your-webhook-secret
test	Run ./scripts/test.sh	2025-09-14T18:08:40.9586081Z   JACKSON_API_KEY: secret
test	Run ./scripts/test.sh	2025-09-14T18:08:40.9586313Z   DEBUG: pw:webserver
test	Run ./scripts/test.sh	2025-09-14T18:08:40.9586537Z   CI: true
test	Run ./scripts/test.sh	2025-09-14T18:08:40.9586772Z   VERCEL_TOKEN: ***
test	Run ./scripts/test.sh	2025-09-14T18:08:40.9587023Z   VERCEL_ORG_ID: team_08scWIMUiz59bFpkE0odinUT
test	Run ./scripts/test.sh	2025-09-14T18:08:40.9587309Z   VERCEL_PROJECT_ID: 
test	Run ./scripts/test.sh	2025-09-14T18:08:40.9587811Z   SUPABASE_ACCESS_TOKEN: ***
test	Run ./scripts/test.sh	2025-09-14T18:08:40.9588098Z   SUPABASE_ORG_ID: elyrlazfpakctdlgywlj
test	Run ./scripts/test.sh	2025-09-14T18:08:40.9588389Z   SUPABASE_PROJECT_REF: 
test	Run ./scripts/test.sh	2025-09-14T18:08:40.9588633Z   SUPABASE_PROJECT_URL: 
test	Run ./scripts/test.sh	2025-09-14T18:08:40.9588899Z   SUPABASE_DB_PASSWORD: ***
test	Run ./scripts/test.sh	2025-09-14T18:08:40.9589142Z   SLACK_BOT_TOKEN: 
test	Run ./scripts/test.sh	2025-09-14T18:08:40.9589366Z   SLACK_SIGNING_SECRET: 
test	Run ./scripts/test.sh	2025-09-14T18:08:40.9589601Z   SLACK_APP_TOKEN: 
test	Run ./scripts/test.sh	2025-09-14T18:08:40.9590004Z   DISCORD_TOKEN: ***
test	Run ./scripts/test.sh	2025-09-14T18:08:40.9590237Z   DISCORD_GUILD_ID: 1393846540115640320
test	Run ./scripts/test.sh	2025-09-14T18:08:40.9590505Z   STRIPE_SECRET_KEY: 
test	Run ./scripts/test.sh	2025-09-14T18:08:40.9590736Z   STRIPE_PUBLISHABLE_KEY: 
test	Run ./scripts/test.sh	2025-09-14T18:08:40.9590989Z   STRIPE_WEBHOOK_SECRET: 
test	Run ./scripts/test.sh	2025-09-14T18:08:40.9591226Z   STRIPE_WEBHOOK_URL: 
test	Run ./scripts/test.sh	2025-09-14T18:08:40.9591452Z   STRIPE_WEBHOOK_ID: 
test	Run ./scripts/test.sh	2025-09-14T18:08:40.9591684Z   AWS_ACCESS_KEY_ID: 
test	Run ./scripts/test.sh	2025-09-14T18:08:40.9591906Z   AWS_SECRET_ACCESS_KEY: 
test	Run ./scripts/test.sh	2025-09-14T18:08:40.9592141Z   AWS_REGION: 
test	Run ./scripts/test.sh	2025-09-14T18:08:40.9592372Z   GOOGLE_APPLICATION_CREDENTIALS: 
test	Run ./scripts/test.sh	2025-09-14T18:08:40.9592637Z   AZURE_CLIENT_ID: 
test	Run ./scripts/test.sh	2025-09-14T18:08:40.9592867Z   AZURE_CLIENT_SECRET: 
test	Run ./scripts/test.sh	2025-09-14T18:08:40.9593090Z   AZURE_TENANT_ID: 
test	Run ./scripts/test.sh	2025-09-14T18:08:40.9593326Z   AZURE_SUBSCRIPTION_ID: 
test	Run ./scripts/test.sh	2025-09-14T18:08:40.9593560Z   GOOGLE_CLIENT_ID: 
test	Run ./scripts/test.sh	2025-09-14T18:08:40.9593787Z   GOOGLE_CLIENT_SECRET: 
test	Run ./scripts/test.sh	2025-09-14T18:08:40.9594056Z   AUTH_GITHUB_CLIENT_ID: ***
test	Run ./scripts/test.sh	2025-09-14T18:08:40.9594400Z   AUTH_GITHUB_CLIENT_SECRET: ***
test	Run ./scripts/test.sh	2025-09-14T18:08:40.9594652Z   AUTH_GITHUB_ORG_ID: 
test	Run ./scripts/test.sh	2025-09-14T18:08:40.9594880Z   AUTH_GITHUB_ORG_NAME: 
test	Run ./scripts/test.sh	2025-09-14T18:08:40.9595247Z   AUTH_GITHUB_ORG_DESCRIPTION: 
test	Run ./scripts/test.sh	2025-09-14T18:08:40.9595623Z   HEROKU_API_KEY: 
test	Run ./scripts/test.sh	2025-09-14T18:08:40.9595854Z   HEROKU_APP_NAME: 
test	Run ./scripts/test.sh	2025-09-14T18:08:40.9596076Z   HEROKU_APP_ID: 
test	Run ./scripts/test.sh	2025-09-14T18:08:40.9596287Z   HEROKU_APP_URL: 
test	Run ./scripts/test.sh	2025-09-14T18:08:40.9596716Z ##[endgroup]
test	Run ./scripts/test.sh	2025-09-14T18:08:40.9766355Z [install] Node dependencies
test	Run ./scripts/test.sh	2025-09-14T18:08:45.1979814Z 
test	Run ./scripts/test.sh	2025-09-14T18:08:45.1980674Z > @a5c-ai/events@1.1.0-a5c-main.9 prepare
test	Run ./scripts/test.sh	2025-09-14T18:08:45.1981299Z > npm run build
test	Run ./scripts/test.sh	2025-09-14T18:08:45.1981560Z 
test	Run ./scripts/test.sh	2025-09-14T18:08:45.3090920Z 
test	Run ./scripts/test.sh	2025-09-14T18:08:45.3091768Z > @a5c-ai/events@1.1.0-a5c-main.9 build
test	Run ./scripts/test.sh	2025-09-14T18:08:45.3092669Z > tsc -p tsconfig.build.json && node scripts/build-post.js
test	Run ./scripts/test.sh	2025-09-14T18:08:45.3093161Z 
test	Run ./scripts/test.sh	2025-09-14T18:08:46.9171642Z 
test	Run ./scripts/test.sh	2025-09-14T18:08:46.9172380Z added 661 packages in 6s
test	Run ./scripts/test.sh	2025-09-14T18:08:46.9489961Z [install] Done.
test	Run ./scripts/test.sh	2025-09-14T18:08:46.9493090Z [build] Running npm run build
test	Run ./scripts/test.sh	2025-09-14T18:08:48.6431409Z [test] Running test:ci (vitest)
test	Run ./scripts/test.sh	2025-09-14T18:08:49.2204059Z 
test	Run ./scripts/test.sh	2025-09-14T18:08:49.2205774Z [1m[7m[36m RUN [39m[27m[22m [36mv2.1.9 [39m[90m/home/runner/work/events/events[39m
test	Run ./scripts/test.sh	2025-09-14T18:08:49.2206905Z       [2mCoverage enabled with [22m[33mv8[39m
test	Run ./scripts/test.sh	2025-09-14T18:08:49.2207243Z 
test	Run ./scripts/test.sh	2025-09-14T18:08:49.6125468Z  [31mâ¯[39m tests/enrichGithubEvent.test.ts [2m([22m[2m0 test[22m[2m)[22m
test	Run ./scripts/test.sh	2025-09-14T18:08:49.6680333Z  [32mâ[39m tests/normalize.github.test.ts [2m([22m[2m4 tests[22m[2m)[22m[90m 9[2mms[22m[39m
test	Run ./scripts/test.sh	2025-09-14T18:08:49.6683297Z  [32mâ[39m tests/mentions.code-comments.test.ts [2m([22m[2m8 tests[22m[2m)[22m[90m 12[2mms[22m[39m
test	Run ./scripts/test.sh	2025-09-14T18:08:49.7569168Z  [32mâ[39m tests/enrich.flags.test.ts [2m([22m[2m2 tests[22m[2m)[22m[90m 19[2mms[22m[39m
test	Run ./scripts/test.sh	2025-09-14T18:08:49.7762974Z  [32mâ[39m tests/rules.composed.test.ts [2m([22m[2m2 tests[22m[2m)[22m[90m 20[2mms[22m[39m
test	Run ./scripts/test.sh	2025-09-14T18:08:49.7871575Z  [32mâ[39m tests/cli.enrich.flags.test.ts [2m([22m[2m2 tests[22m[2m)[22m[90m 16[2mms[22m[39m
test	Run ./scripts/test.sh	2025-09-14T18:08:49.7973893Z  [31mâ¯[39m tests/enrich.basic.test.ts [2m([22m[2m9 tests[22m[2m | [22m[31m1 failed[39m[2m)[22m[90m 49[2mms[22m[39m
test	Run ./scripts/test.sh	2025-09-14T18:08:49.7975977Z [31m   [31mÃ[31m handleEnrich[2m > [22madds code_comment mentions when enrichment contains files[90m 6[2mms[22m[31m[39m
test	Run ./scripts/test.sh	2025-09-14T18:08:49.7977329Z [31m     â expected false to be true // Object.is equality[39m
test	Run ./scripts/test.sh	2025-09-14T18:08:50.0919030Z  [32mâ[39m test/redact.test.ts [2m([22m[2m7 tests[22m[2m)[22m[90m 7[2mms[22m[39m
test	Run ./scripts/test.sh	2025-09-14T18:08:50.0930318Z  [32mâ[39m tests/normalize.test.ts [2m([22m[2m4 tests[22m[2m)[22m[90m 9[2mms[22m[39m
test	Run ./scripts/test.sh	2025-09-14T18:08:50.1224486Z  [32mâ[39m tests/normalize.schema.test.ts [2m([22m[2m4 tests[22m[2m)[22m[90m 7[2mms[22m[39m
test	Run ./scripts/test.sh	2025-09-14T18:08:50.1242605Z  [32mâ[39m tests/composed.rules.test.ts [2m([22m[2m1 test[22m[2m)[22m[90m 37[2mms[22m[39m
test	Run ./scripts/test.sh	2025-09-14T18:08:50.1321684Z  [32mâ[39m tests/cli.select-filter.test.ts [2m([22m[2m5 tests[22m[2m)[22m[90m 22[2mms[22m[39m
test	Run ./scripts/test.sh	2025-09-14T18:08:50.1332839Z  [32mâ[39m tests/config.token.test.ts [2m([22m[2m4 tests[22m[2m)[22m[90m 20[2mms[22m[39m
test	Run ./scripts/test.sh	2025-09-14T18:08:50.2592143Z  [32mâ[39m tests/enrich.handle.test.ts [2m([22m[2m1 test[22m[2m)[22m[90m 17[2mms[22m[39m
test	Run ./scripts/test.sh	2025-09-14T18:08:50.4649620Z  [32mâ[39m test/config.loadConfig.test.ts [2m([22m[2m3 tests[22m[2m)[22m[90m 7[2mms[22m[39m
test	Run ./scripts/test.sh	2025-09-14T18:08:50.5389938Z  [32mâ[39m tests/ne.schema.compile.test.ts [2m([22m[2m1 test[22m[2m)[22m[90m 49[2mms[22m[39m
test	Run ./scripts/test.sh	2025-09-14T18:08:50.5521568Z  [32mâ[39m test/enrich.redaction.test.ts [2m([22m[2m1 test[22m[2m)[22m[90m 25[2mms[22m[39m
test	Run ./scripts/test.sh	2025-09-14T18:08:50.5792870Z  [32mâ[39m tests/redaction.regression.test.ts [2m([22m[2m2 tests[22m[2m)[22m[90m 6[2mms[22m[39m
test	Run ./scripts/test.sh	2025-09-14T18:08:50.8258833Z  [32mâ[39m test/config.precedence.test.ts [2m([22m[2m4 tests[22m[2m)[22m[90m 6[2mms[22m[39m
test	Run ./scripts/test.sh	2025-09-14T18:08:50.9150183Z  [32mâ[39m tests/cli.validate.test.ts [2m([22m[2m2 tests[22m[2m)[22m[33m 513[2mms[22m[39m
test	Run ./scripts/test.sh	2025-09-14T18:08:50.9153452Z    [33m[2mâ[22m[39m events validate (CLI)[2m > [22mvalidates a normalized sample and returns valid: true [33m328[2mms[22m[39m
test	Run ./scripts/test.sh	2025-09-14T18:08:51.1239172Z  [31mâ¯[39m tests/cli.rules-composed.test.ts [2m([22m[2m1 test[22m[2m | [22m[31m1 failed[39m[2m)[22m[33m 696[2mms[22m[39m
test	Run ./scripts/test.sh	2025-09-14T18:08:51.1246911Z [31m   [31mÃ[31m CLI enrich with --rules emits composed events[2m > [22mproduces composed[].key from YAML rules[33m 694[2mms[22m[31m[39m
test	Run ./scripts/test.sh	2025-09-14T18:08:51.1272990Z [31m     â expected false to be true // Object.is equality[39m
test	Run ./scripts/test.sh	2025-09-14T18:08:51.2068540Z  [32mâ[39m tests/cli.readme.examples.test.ts [2m([22m[2m2 tests[22m[2m)[22m[33m 333[2mms[22m[39m
test	Run ./scripts/test.sh	2025-09-14T18:08:51.2103474Z  [32mâ[39m tests/ne.zod.schema.test.ts [2m([22m[2m2 tests[22m[2m)[22m[90m 14[2mms[22m[39m
test	Run ./scripts/test.sh	2025-09-14T18:08:51.4599797Z  [32mâ[39m tests/mentions.pr-body.test.ts [2m([22m[2m2 tests[22m[2m)[22m[90m 7[2mms[22m[39m
test	Run ./scripts/test.sh	2025-09-14T18:08:51.5384161Z  [32mâ[39m tests/cli.enrich.test.ts [2m([22m[2m1 test[22m[2m)[22m[33m 594[2mms[22m[39m
test	Run ./scripts/test.sh	2025-09-14T18:08:51.5385639Z    [33m[2mâ[22m[39m CLI enrich (smoke)[2m > [22mreads a sample and outputs enriched event shape [33m592[2mms[22m[39m
test	Run ./scripts/test.sh	2025-09-14T18:08:51.5531575Z  [32mâ[39m tests/mentions-code-comments.spec.ts [2m([22m[2m2 tests[22m[2m)[22m[90m 8[2mms[22m[39m
test	Run ./scripts/test.sh	2025-09-14T18:08:51.5871775Z {
test	Run ./scripts/test.sh	2025-09-14T18:08:51.5874878Z   "ref": "refs/heads/a5c/main",
test	Run ./scripts/test.sh	2025-09-14T18:08:51.5878432Z   "before": "1111111111111111111111111111111111111111",
test	Run ./scripts/test.sh	2025-09-14T18:08:51.5889738Z   "after": "2222222222222222222222222222222222222222",
test	Run ./scripts/test.sh	2025-09-14T18:08:51.5893733Z   "repository": {
test	Run ./scripts/test.sh	2025-09-14T18:08:51.5896513Z     "id": 1055826069,
test	Run ./scripts/test.sh	2025-09-14T18:08:51.5899269Z     "name": "events",
test	Run ./scripts/test.sh	2025-09-14T18:08:51.5902055Z     "full_name": "a5c-ai/events",
test	Run ./scripts/test.sh	2025-09-14T18:08:51.5906106Z     "private": true
test	Run ./scripts/test.sh	2025-09-14T18:08:51.5909778Z   },
test	Run ./scripts/test.sh	2025-09-14T18:08:51.5920647Z   "pusher": {
test	Run ./scripts/test.sh	2025-09-14T18:08:51.5930671Z     "name": "a5c-ai[bot]",
test	Run ./scripts/test.sh	2025-09-14T18:08:51.5931540Z     "email": "agent@a5c.ai"
test	Run ./scripts/test.sh	2025-09-14T18:08:51.5932344Z   },
test	Run ./scripts/test.sh	2025-09-14T18:08:51.5933021Z   "sender": {
test	Run ./scripts/test.sh	2025-09-14T18:08:51.5933484Z     "login": "a5c-ai[bot]",
test	Run ./scripts/test.sh	2025-09-14T18:08:51.5934282Z     "type": "Bot",
test	Run ./scripts/test.sh	2025-09-14T18:08:51.5935005Z     "id": 221166651
test	Run ./scripts/test.sh	2025-09-14T18:08:51.5935647Z   },
test	Run ./scripts/test.sh	2025-09-14T18:08:51.5936046Z   "created": false,
test	Run ./scripts/test.sh	2025-09-14T18:08:51.5936716Z   "deleted": false,
test	Run ./scripts/test.sh	2025-09-14T18:08:51.5937859Z   "forced": false,
test	Run ./scripts/test.sh	2025-09-14T18:08:51.5938322Z   "commits": [
test	Run ./scripts/test.sh	2025-09-14T18:08:51.5938979Z     {
test	Run ./scripts/test.sh	2025-09-14T18:08:51.5939662Z       "id": "2222222222222222222222222222222222222222",
test	Run ./scripts/test.sh	2025-09-14T18:08:51.5940524Z       "message": "chore: update docs",
test	Run ./scripts/test.sh	2025-09-14T18:08:51.5941393Z       "timestamp": "2025-09-13T10:45:00Z"
test	Run ./scripts/test.sh	2025-09-14T18:08:51.5942148Z     },
test	Run ./scripts/test.sh	2025-09-14T18:08:51.5942518Z     {
test	Run ./scripts/test.sh	2025-09-14T18:08:51.5943260Z       "id": "3333333333333333333333333333333333333333",
test	Run ./scripts/test.sh	2025-09-14T18:08:51.5944038Z       "message": "feat: add samples @developer-agent",
test	Run ./scripts/test.sh	2025-09-14T18:08:51.5944649Z       "timestamp": "2025-09-13T10:46:00Z"
test	Run ./scripts/test.sh	2025-09-14T18:08:51.5945144Z     },
test	Run ./scripts/test.sh	2025-09-14T18:08:51.5945491Z     {
test	Run ./scripts/test.sh	2025-09-14T18:08:51.5945930Z       "id": "4444444444444444444444444444444444444444",
test	Run ./scripts/test.sh	2025-09-14T18:08:51.5946551Z       "message": "fix: CI tweaks",
test	Run ./scripts/test.sh	2025-09-14T18:08:51.5947113Z       "timestamp": "2025-09-13T10:47:00Z"
test	Run ./scripts/test.sh	2025-09-14T18:08:51.5947806Z     }
test	Run ./scripts/test.sh	2025-09-14T18:08:51.5948166Z   ],
test	Run ./scripts/test.sh	2025-09-14T18:08:51.5948548Z   "head_commit": {
test	Run ./scripts/test.sh	2025-09-14T18:08:51.5949063Z     "id": "2222222222222222222222222222222222222222",
test	Run ./scripts/test.sh	2025-09-14T18:08:51.5949674Z     "message": "chore: update docs"
test	Run ./scripts/test.sh	2025-09-14T18:08:51.5950164Z   }
test	Run ./scripts/test.sh	2025-09-14T18:08:51.5950524Z }
test	Run ./scripts/test.sh	2025-09-14T18:08:51.6044142Z  [32mâ[39m tests/emit.basic.test.ts [2m([22m[2m2 tests[22m[2m)[22m[90m 9[2mms[22m[39m
test	Run ./scripts/test.sh	2025-09-14T18:08:51.8040231Z  [32mâ[39m tests/config.token-precedence.test.ts [2m([22m[2m3 tests[22m[2m)[22m[90m 6[2mms[22m[39m
test	Run ./scripts/test.sh	2025-09-14T18:08:51.8751090Z  [32mâ[39m tests/cli.normalize.test.ts [2m([22m[2m1 test[22m[2m)[22m[33m 612[2mms[22m[39m
test	Run ./scripts/test.sh	2025-09-14T18:08:51.8759161Z    [33m[2mâ[22m[39m CLI normalize (smoke)[2m > [22mreads a sample and outputs normalized event shape [33m610[2mms[22m[39m
test	Run ./scripts/test.sh	2025-09-14T18:08:51.9561310Z  [32mâ[39m tests/golden.normalize.test.ts [2m([22m[2m4 tests[22m[2m)[22m[90m 25[2mms[22m[39m
test	Run ./scripts/test.sh	2025-09-14T18:08:51.9913243Z  [32mâ[39m tests/normalize.basic.test.ts [2m([22m[2m1 test[22m[2m)[22m[90m 7[2mms[22m[39m
test	Run ./scripts/test.sh	2025-09-14T18:08:51.9963100Z  [32mâ[39m tests/golden.enrich.test.ts [2m([22m[2m4 tests[22m[2m)[22m[90m 29[2mms[22m[39m
test	Run ./scripts/test.sh	2025-09-14T18:08:52.0223165Z  [32mâ[39m tests/cli.select-filter.e2e.test.ts [2m([22m[2m2 tests[22m[2m)[22m[33m 1162[2mms[22m[39m
test	Run ./scripts/test.sh	2025-09-14T18:08:52.0225100Z    [33m[2mâ[22m[39m CLI select/filter[2m > [22mnormalize --select type,repo.full_name [33m575[2mms[22m[39m
test	Run ./scripts/test.sh	2025-09-14T18:08:52.0229175Z    [33m[2mâ[22m[39m CLI select/filter[2m > [22menrich --filter enriched.github.pr.mergeable_state=dirty (may be filtered depending on enrichment) [33m585[2mms[22m[39m
test	Run ./scripts/test.sh	2025-09-14T18:08:52.2121876Z  [32mâ[39m tests/mentions.pr-title.test.ts [2m([22m[2m1 test[22m[2m)[22m[90m 20[2mms[22m[39m
test	Run ./scripts/test.sh	2025-09-14T18:08:52.2939069Z  [32mâ[39m tests/enrich.redaction.test.ts [2m([22m[2m1 test[22m[2m)[22m[90m 17[2mms[22m[39m
test	Run ./scripts/test.sh	2025-09-14T18:08:52.2944768Z  [32mâ[39m tests/mentions.commit.test.ts [2m([22m[2m1 test[22m[2m)[22m[90m 5[2mms[22m[39m
test	Run ./scripts/test.sh	2025-09-14T18:08:52.3043405Z  [32mâ[39m tests/redact.patterns.test.ts [2m([22m[2m2 tests[22m[2m)[22m[90m 5[2mms[22m[39m
test	Run ./scripts/test.sh	2025-09-14T18:08:52.3605372Z  [32mâ[39m test/sum.test.ts [2m([22m[2m1 test[22m[2m)[22m[90m 4[2mms[22m[39m
test	Run ./scripts/test.sh	2025-09-14T18:08:52.5953826Z  [32mâ[39m tests/cli.exit-codes.test.ts [2m([22m[2m4 tests[22m[2m)[22m[33m 2219[2mms[22m[39m
test	Run ./scripts/test.sh	2025-09-14T18:08:52.5954864Z    [33m[2mâ[22m[39m CLI exit codes[2m > [22mnormalize: exits 2 when --in is missing (source=cli) [33m698[2mms[22m[39m
test	Run ./scripts/test.sh	2025-09-14T18:08:52.5955808Z    [33m[2mâ[22m[39m CLI exit codes[2m > [22mnormalize: exits 2 on invalid JSON input [33m565[2mms[22m[39m
test	Run ./scripts/test.sh	2025-09-14T18:08:52.5956843Z    [33m[2mâ[22m[39m CLI exit codes[2m > [22menrich: exits 3 when --use-github is set but no token (provider failure) [33m580[2mms[22m[39m
test	Run ./scripts/test.sh	2025-09-14T18:08:52.5958176Z    [33m[2mâ[22m[39m CLI exit codes[2m > [22menrich: exits 0 without --use-github even when no token [33m374[2mms[22m[39m
test	Run ./scripts/test.sh	2025-09-14T18:08:52.8191700Z 
test	Run ./scripts/test.sh	2025-09-14T18:08:52.8201470Z [31mâ¯â¯â¯â¯â¯â¯[1m[7m Failed Suites 1 [27m[22mâ¯â¯â¯â¯â¯â¯â¯[39m
test	Run ./scripts/test.sh	2025-09-14T18:08:52.8201944Z 
test	Run ./scripts/test.sh	2025-09-14T18:08:52.8203620Z [31m[1m[7m FAIL [27m[22m[39m tests/enrichGithubEvent.test.ts[2m [ tests/enrichGithubEvent.test.ts ][22m
test	Run ./scripts/test.sh	2025-09-14T18:08:52.8220833Z [31m[1mSyntaxError[22m: Identifier 'mergeableState' has already been declared[39m
test	Run ./scripts/test.sh	2025-09-14T18:08:52.8222011Z [36m [2mâ¯[22m tests/enrichGithubEvent.test.ts:[2m2:31[22m[39m
test	Run ./scripts/test.sh	2025-09-14T18:08:52.8665110Z     [90m  1| [39m[35mimport[39m { describe[33m,[39m it[33m,[39m expect } [35mfrom[39m [32m'vitest'[39m
test	Run ./scripts/test.sh	2025-09-14T18:08:52.8666905Z     [90m  2| [39m[35mimport[39m { enrichGithubEvent } [35mfrom[39m [32m'../src/enrichGithubEvent.js'[39m
test	Run ./scripts/test.sh	2025-09-14T18:08:52.8668112Z     [90m   | [39m                              [31m^[39m
test	Run ./scripts/test.sh	2025-09-14T18:08:52.8668594Z     [90m  3| [39m
test	Run ./scripts/test.sh	2025-09-14T18:08:52.8669680Z     [90m  4| [39m[35mfunction[39m [34mmakeMockOctokit[39m({ pr[33m,[39m prFiles[33m,[39m prCommits[33m,[39m compare[33m,[39m codeownersâ¦
test	Run ./scripts/test.sh	2025-09-14T18:08:52.8670759Z 
test	Run ./scripts/test.sh	2025-09-14T18:08:52.8671330Z [31m[2mâ¯â¯â¯â¯â¯â¯â¯â¯â¯â¯â¯â¯â¯â¯â¯â¯â¯â¯â¯â¯â¯â¯â¯â¯[1/3]â¯[22m[39m
test	Run ./scripts/test.sh	2025-09-14T18:08:52.8671778Z 
test	Run ./scripts/test.sh	2025-09-14T18:08:52.8672164Z [31mâ¯â¯â¯â¯â¯â¯â¯[1m[7m Failed Tests 2 [27m[22mâ¯â¯â¯â¯â¯â¯â¯[39m
test	Run ./scripts/test.sh	2025-09-14T18:08:52.8672498Z 
test	Run ./scripts/test.sh	2025-09-14T18:08:52.8673511Z [31m[1m[7m FAIL [27m[22m[39m tests/cli.rules-composed.test.ts[2m > [22mCLI enrich with --rules emits composed events[2m > [22mproduces composed[].key from YAML rules
test	Run ./scripts/test.sh	2025-09-14T18:08:52.8674610Z [31m[1mAssertionError[22m: expected false to be true // Object.is equality[39m
test	Run ./scripts/test.sh	2025-09-14T18:08:52.8674990Z 
test	Run ./scripts/test.sh	2025-09-14T18:08:52.8675140Z [32m- Expected[39m
test	Run ./scripts/test.sh	2025-09-14T18:08:52.8675811Z [31m+ Received[39m
test	Run ./scripts/test.sh	2025-09-14T18:08:52.8675967Z 
test	Run ./scripts/test.sh	2025-09-14T18:08:52.8676097Z [32m- true[39m
test	Run ./scripts/test.sh	2025-09-14T18:08:52.8676382Z [31m+ false[39m
test	Run ./scripts/test.sh	2025-09-14T18:08:52.8676532Z 
test	Run ./scripts/test.sh	2025-09-14T18:08:52.8676906Z [36m [2mâ¯[22m tests/cli.rules-composed.test.ts:[2m38:25[22m[39m
test	Run ./scripts/test.sh	2025-09-14T18:08:52.8685126Z     [90m 36| [39m    [35mconst[39m keys [33m=[39m composed[33m.[39m[34mmap[39m((c[33m:[39m any) [33m=>[39m c[33m.[39mkey)
test	Run ./scripts/test.sh	2025-09-14T18:08:52.8686194Z     [90m 37| [39m    [35mconst[39m hasExpected [33m=[39m keys[33m.[39m[34mincludes[39m([32m'conflict_in_pr_with_low_priorit[39mâ¦
test	Run ./scripts/test.sh	2025-09-14T18:08:52.8687630Z     [90m 38| [39m    [34mexpect[39m(hasExpected)[33m.[39m[34mtoBe[39m([35mtrue[39m)
test	Run ./scripts/test.sh	2025-09-14T18:08:52.8688226Z     [90m   | [39m                        [31m^[39m
test	Run ./scripts/test.sh	2025-09-14T18:08:52.8688560Z     [90m 39| [39m  })
test	Run ./scripts/test.sh	2025-09-14T18:08:52.8688816Z     [90m 40| [39m})
test	Run ./scripts/test.sh	2025-09-14T18:08:52.8688961Z 
test	Run ./scripts/test.sh	2025-09-14T18:08:52.8689214Z [31m[2mâ¯â¯â¯â¯â¯â¯â¯â¯â¯â¯â¯â¯â¯â¯â¯â¯â¯â¯â¯â¯â¯â¯â¯â¯[2/3]â¯[22m[39m
test	Run ./scripts/test.sh	2025-09-14T18:08:52.8689417Z 
test	Run ./scripts/test.sh	2025-09-14T18:08:52.8690047Z [31m[1m[7m FAIL [27m[22m[39m tests/enrich.basic.test.ts[2m > [22mhandleEnrich[2m > [22madds code_comment mentions when enrichment contains files
test	Run ./scripts/test.sh	2025-09-14T18:08:52.8690879Z [31m[1mAssertionError[22m: expected false to be true // Object.is equality[39m
test	Run ./scripts/test.sh	2025-09-14T18:08:52.8691193Z 
test	Run ./scripts/test.sh	2025-09-14T18:08:52.8691327Z [32m- Expected[39m
test	Run ./scripts/test.sh	2025-09-14T18:08:52.8691585Z [31m+ Received[39m
test	Run ./scripts/test.sh	2025-09-14T18:08:52.8691718Z 
test	Run ./scripts/test.sh	2025-09-14T18:08:52.8691824Z [32m- true[39m
test	Run ./scripts/test.sh	2025-09-14T18:08:52.8692073Z [31m+ false[39m
test	Run ./scripts/test.sh	2025-09-14T18:08:52.8692201Z 
test	Run ./scripts/test.sh	2025-09-14T18:08:52.8692485Z [36m [2mâ¯[22m tests/enrich.basic.test.ts:[2m89:68[22m[39m
test	Run ./scripts/test.sh	2025-09-14T18:08:52.8727818Z     [90m 87| [39m    [35mconst[39m res [33m=[39m [35mawait[39m [34mhandleEnrich[39m({ [35min[39m[33m:[39m [32m'samples/pull_request.synchro[39mâ¦
test	Run ./scripts/test.sh	2025-09-14T18:08:52.8729211Z     [90m 88| [39m    [35mconst[39m mentions [33m=[39m (res[33m.[39moutput[33m.[39menriched [35mas[39m any)[33m.[39mmentions [33m||[39m [][33m;[39m
test	Run ./scripts/test.sh	2025-09-14T18:08:52.8730538Z     [90m 89| [39m    [34mexpect[39m(mentions[33m.[39m[34msome[39m((m[33m:[39m any) [33m=>[39m m[33m.[39msource [33m===[39m [32m'code_comment'[39m))[33m.[39m[34mtoB[39mâ¦
test	Run ./scripts/test.sh	2025-09-14T18:08:52.8731451Z     [90m   | [39m                                                                   [31m^[39m
test	Run ./scripts/test.sh	2025-09-14T18:08:52.8731930Z     [90m 90| [39m  })[33m;[39m
test	Run ./scripts/test.sh	2025-09-14T18:08:52.8732277Z     [90m 91| [39m
test	Run ./scripts/test.sh	2025-09-14T18:08:52.8732443Z 
test	Run ./scripts/test.sh	2025-09-14T18:08:52.8732745Z [31m[2mâ¯â¯â¯â¯â¯â¯â¯â¯â¯â¯â¯â¯â¯â¯â¯â¯â¯â¯â¯â¯â¯â¯â¯â¯[3/3]â¯[22m[39m
test	Run ./scripts/test.sh	2025-09-14T18:08:52.8732999Z 
test	Run ./scripts/test.sh	2025-09-14T18:08:52.8734533Z [2m Test Files [22m [1m[31m3 failed[39m[22m[2m | [22m[1m[32m36 passed[39m[22m[90m (39)[39m
test	Run ./scripts/test.sh	2025-09-14T18:08:52.8735793Z [2m      Tests [22m [1m[31m2 failed[39m[22m[2m | [22m[1m[32m101 passed[39m[22m[90m (103)[39m
test	Run ./scripts/test.sh	2025-09-14T18:08:52.8736424Z [2m   Start at [22m 18:08:49
test	Run ./scripts/test.sh	2025-09-14T18:08:52.8741225Z [2m   Duration [22m 3.60s[2m (transform 842ms, setup 0ms, collect 3.05s, tests 6.62s, environment 13ms, prepare 4.49s)[22m
test	Run ./scripts/test.sh	2025-09-14T18:08:52.8741694Z 
test	Run ./scripts/test.sh	2025-09-14T18:08:52.9169432Z ##[error]Process completed with exit code 1.
test	Post Run actions/checkout@v4	ï»¿2025-09-14T18:08:52.9270731Z Post job cleanup.
test	Post Run actions/checkout@v4	2025-09-14T18:08:53.0202434Z [command]/usr/bin/git version
test	Post Run actions/checkout@v4	2025-09-14T18:08:53.0238624Z git version 2.51.0
test	Post Run actions/checkout@v4	2025-09-14T18:08:53.0279721Z Temporarily overriding HOME='/home/runner/work/_temp/d181c785-1017-4213-b0bd-9af3ac0e1b28' before making global git config changes
test	Post Run actions/checkout@v4	2025-09-14T18:08:53.0280761Z Adding repository directory to the temporary git global config as a safe directory
test	Post Run actions/checkout@v4	2025-09-14T18:08:53.0291335Z [command]/usr/bin/git config --global --add safe.directory /home/runner/work/events/events
test	Post Run actions/checkout@v4	2025-09-14T18:08:53.0323982Z [command]/usr/bin/git config --local --name-only --get-regexp core\.sshCommand
test	Post Run actions/checkout@v4	2025-09-14T18:08:53.0357061Z [command]/usr/bin/git submodule foreach --recursive sh -c "git config --local --name-only --get-regexp 'core\.sshCommand' && git config --local --unset-all 'core.sshCommand' || :"
test	Post Run actions/checkout@v4	2025-09-14T18:08:53.0588770Z [command]/usr/bin/git config --local --name-only --get-regexp http\.https\:\/\/github\.com\/\.extraheader
test	Post Run actions/checkout@v4	2025-09-14T18:08:53.0610923Z http.https://github.com/.extraheader
test	Post Run actions/checkout@v4	2025-09-14T18:08:53.0623670Z [command]/usr/bin/git config --local --unset-all http.https://github.com/.extraheader
test	Post Run actions/checkout@v4	2025-09-14T18:08:53.0654743Z [command]/usr/bin/git submodule foreach --recursive sh -c "git config --local --name-only --get-regexp 'http\.https\:\/\/github\.com\/\.extraheader' && git config --local --unset-all 'http.https://github.com/.extraheader' || :"
test	Complete job	ï»¿2025-09-14T18:08:53.0990936Z Cleaning up orphan processes
